Archive member included to satisfy reference by file (symbol)

C:/Users/weinkyls/.pico-sdk/toolchain/14_2_Rel1/bin/../lib/gcc/arm-none-eabi/14.2.1/thumb/v6-m/nofp\libgcc.a(_dvmd_tls.o)
                              CMakeFiles/ADCS_board.dir/C_/Users/weinkyls/.pico-sdk/sdk/2.2.0/src/rp2_common/pico_divider/divider_hardware.S.obj (__aeabi_idiv0)
C:/Users/weinkyls/.pico-sdk/toolchain/14_2_Rel1/bin/../lib/gcc/arm-none-eabi/14.2.1/thumb/v6-m/nofp\libg.a(libc_a-calloc.o)
                              CMakeFiles/ADCS_board.dir/C_/Users/weinkyls/.pico-sdk/sdk/2.2.0/src/rp2_common/pico_malloc/malloc.c.obj (calloc)
C:/Users/weinkyls/.pico-sdk/toolchain/14_2_Rel1/bin/../lib/gcc/arm-none-eabi/14.2.1/thumb/v6-m/nofp\libg.a(libc_a-callocr.o)
                              C:/Users/weinkyls/.pico-sdk/toolchain/14_2_Rel1/bin/../lib/gcc/arm-none-eabi/14.2.1/thumb/v6-m/nofp\libg.a(libc_a-calloc.o) (_calloc_r)
C:/Users/weinkyls/.pico-sdk/toolchain/14_2_Rel1/bin/../lib/gcc/arm-none-eabi/14.2.1/thumb/v6-m/nofp\libg.a(libc_a-malloc.o)
                              CMakeFiles/ADCS_board.dir/C_/Users/weinkyls/.pico-sdk/sdk/2.2.0/src/rp2_common/pico_malloc/malloc.c.obj (malloc)
C:/Users/weinkyls/.pico-sdk/toolchain/14_2_Rel1/bin/../lib/gcc/arm-none-eabi/14.2.1/thumb/v6-m/nofp\libg.a(libc_a-mallocr.o)
                              C:/Users/weinkyls/.pico-sdk/toolchain/14_2_Rel1/bin/../lib/gcc/arm-none-eabi/14.2.1/thumb/v6-m/nofp\libg.a(libc_a-callocr.o) (_malloc_r)
C:/Users/weinkyls/.pico-sdk/toolchain/14_2_Rel1/bin/../lib/gcc/arm-none-eabi/14.2.1/thumb/v6-m/nofp\libg.a(libc_a-mlock.o)
                              C:/Users/weinkyls/.pico-sdk/toolchain/14_2_Rel1/bin/../lib/gcc/arm-none-eabi/14.2.1/thumb/v6-m/nofp\libg.a(libc_a-mallocr.o) (__malloc_lock)
C:/Users/weinkyls/.pico-sdk/toolchain/14_2_Rel1/bin/../lib/gcc/arm-none-eabi/14.2.1/thumb/v6-m/nofp\libg.a(libc_a-realloc.o)
                              CMakeFiles/ADCS_board.dir/C_/Users/weinkyls/.pico-sdk/sdk/2.2.0/src/rp2_common/pico_malloc/malloc.c.obj (realloc)
C:/Users/weinkyls/.pico-sdk/toolchain/14_2_Rel1/bin/../lib/gcc/arm-none-eabi/14.2.1/thumb/v6-m/nofp\libg.a(libc_a-reallocr.o)
                              C:/Users/weinkyls/.pico-sdk/toolchain/14_2_Rel1/bin/../lib/gcc/arm-none-eabi/14.2.1/thumb/v6-m/nofp\libg.a(libc_a-realloc.o) (_realloc_r)
C:/Users/weinkyls/.pico-sdk/toolchain/14_2_Rel1/bin/../lib/gcc/arm-none-eabi/14.2.1/thumb/v6-m/nofp\libg.a(libc_a-memcmp.o)
                              CMakeFiles/ADCS_board.dir/C_/Users/weinkyls/.pico-sdk/sdk/2.2.0/src/rp2_common/pico_atomic/atomic.c.obj (memcmp)
C:/Users/weinkyls/.pico-sdk/toolchain/14_2_Rel1/bin/../lib/gcc/arm-none-eabi/14.2.1/thumb/v6-m/nofp\libg.a(libc_a-memmove.o)
                              C:/Users/weinkyls/.pico-sdk/toolchain/14_2_Rel1/bin/../lib/gcc/arm-none-eabi/14.2.1/thumb/v6-m/nofp\libg.a(libc_a-reallocr.o) (memmove)
C:/Users/weinkyls/.pico-sdk/toolchain/14_2_Rel1/bin/../lib/gcc/arm-none-eabi/14.2.1/thumb/v6-m/nofp\libg.a(libc_a-lcltime_r.o)
                              CMakeFiles/ADCS_board.dir/C_/Users/weinkyls/.pico-sdk/sdk/2.2.0/src/common/pico_util/datetime.c.obj (localtime_r)
C:/Users/weinkyls/.pico-sdk/toolchain/14_2_Rel1/bin/../lib/gcc/arm-none-eabi/14.2.1/thumb/v6-m/nofp\libg.a(libc_a-mktime.o)
                              CMakeFiles/ADCS_board.dir/C_/Users/weinkyls/.pico-sdk/sdk/2.2.0/src/common/pico_util/datetime.c.obj (mktime)
C:/Users/weinkyls/.pico-sdk/toolchain/14_2_Rel1/bin/../lib/gcc/arm-none-eabi/14.2.1/thumb/v6-m/nofp\libg.a(libc_a-month_lengths.o)
                              C:/Users/weinkyls/.pico-sdk/toolchain/14_2_Rel1/bin/../lib/gcc/arm-none-eabi/14.2.1/thumb/v6-m/nofp\libg.a(libc_a-lcltime_r.o) (__month_lengths)
C:/Users/weinkyls/.pico-sdk/toolchain/14_2_Rel1/bin/../lib/gcc/arm-none-eabi/14.2.1/thumb/v6-m/nofp\libg.a(libc_a-tzcalc_limits.o)
                              C:/Users/weinkyls/.pico-sdk/toolchain/14_2_Rel1/bin/../lib/gcc/arm-none-eabi/14.2.1/thumb/v6-m/nofp\libg.a(libc_a-lcltime_r.o) (__tzcalc_limits)
C:/Users/weinkyls/.pico-sdk/toolchain/14_2_Rel1/bin/../lib/gcc/arm-none-eabi/14.2.1/thumb/v6-m/nofp\libg.a(libc_a-tzlock.o)
                              C:/Users/weinkyls/.pico-sdk/toolchain/14_2_Rel1/bin/../lib/gcc/arm-none-eabi/14.2.1/thumb/v6-m/nofp\libg.a(libc_a-lcltime_r.o) (__tz_lock)
C:/Users/weinkyls/.pico-sdk/toolchain/14_2_Rel1/bin/../lib/gcc/arm-none-eabi/14.2.1/thumb/v6-m/nofp\libg.a(libc_a-tzset.o)
                              C:/Users/weinkyls/.pico-sdk/toolchain/14_2_Rel1/bin/../lib/gcc/arm-none-eabi/14.2.1/thumb/v6-m/nofp\libg.a(libc_a-lcltime_r.o) (_tzset_unlocked)
C:/Users/weinkyls/.pico-sdk/toolchain/14_2_Rel1/bin/../lib/gcc/arm-none-eabi/14.2.1/thumb/v6-m/nofp\libg.a(libc_a-tzset_r.o)
                              C:/Users/weinkyls/.pico-sdk/toolchain/14_2_Rel1/bin/../lib/gcc/arm-none-eabi/14.2.1/thumb/v6-m/nofp\libg.a(libc_a-tzset.o) (_tzset_unlocked_r)
[...]
Memory Configuration

Name             Origin             Length             Attributes
FLASH            0x10000000         0x00200000         xr
RAM              0x20000000         0x00040000         xrw
SCRATCH_X        0x20040000         0x00001000         xrw
SCRATCH_Y        0x20041000         0x00001000         xrw
*default*        0x00000000         0xffffffff

Linker script and memory map

LOAD C:/Users/weinkyls/.pico-sdk/toolchain/14_2_Rel1/bin/../lib/gcc/arm-none-eabi/14.2.1/thumb/v6-m/nofp/crti.o
LOAD C:/Users/weinkyls/.pico-sdk/toolchain/14_2_Rel1/bin/../lib/gcc/arm-none-eabi/14.2.1/thumb/v6-m/nofp/crtbegin.o
LOAD C:/Users/weinkyls/.pico-sdk/toolchain/14_2_Rel1/bin/../lib/gcc/arm-none-eabi/14.2.1/thumb/v6-m/nofp/crt0.o

.flash_begin    0x10000000        0x0
                0x10000000                        __flash_binary_start = .

.boot2          0x10000000      0x100
                0x10000000                        __boot2_start__ = .
 *(.boot2)
 .boot2         0x10000000      0x100 pico-sdk/src/rp2040/boot_stage2/CMakeFiles/bs2_default_library.dir/./bs2_default_padded_checksummed.S.obj
                0x10000100                        __boot2_end__ = .
                0x00000001                        ASSERT (((__boot2_end__ - __boot2_start__) == 0x100), ERROR: Pico second stage bootloader must be 256 bytes in size)

.text           0x10000100     0x6db4
                0x10000100                        __logical_binary_start = .
 *(.vectors)
 .vectors       0x10000100       0xd4 CMakeFiles/ADCS_board.dir/C_/Users/weinkyls/.pico-sdk/sdk/2.2.0/src/rp2_common/pico_crt0/crt0.S.obj
                0x10000100                __VECTOR_TABLE
                0x10000100                __vectors
                0x100001c0                isr_irq13
                0x100001c0                isr_irq27
                0x100001c0                isr_irq31
                0x100001c0                isr_irq12
                0x100001c0                isr_irq5
                0x100001c0                isr_irq11
                0x100001c0                isr_irq3
                0x100001c0                isr_irq23
                0x100001c0                __unhandled_user_irq
                0x100001c0                isr_irq26
                0x100001c0                isr_irq28
                0x100001c0                isr_irq19
                0x100001c0                isr_irq0
                0x100001c0                isr_irq6
                0x100001c0                isr_irq29
                0x100001c0                isr_irq16
                0x100001c0                isr_irq22
                0x100001c0                isr_irq18
                0x100001c0                isr_irq17
                0x100001c0                isr_irq14
                0x100001c0                __vectors_end
                0x100001c0                __default_isrs_start
                0x100001c0                isr_irq2
                0x100001c0                isr_irq10
                0x100001c0                isr_irq8
                0x100001c0                isr_irq24
                0x100001c0                isr_irq1
                0x100001c0                isr_irq7
                0x100001c0                isr_irq21
                0x100001c0                isr_irq20
                0x100001c0                isr_irq15
                0x100001c0                isr_irq25
                0x100001c0                isr_irq4
                0x100001c0                isr_irq30
                0x100001c0                isr_irq9
                0x100001c6                unhandled_user_irq_num_in_r0
                0x100001c8                isr_invalid
                0x100001ca                isr_nmi
                0x100001cc                isr_hardfault
                0x100001ce                isr_svcall
                0x100001d0                isr_pendsv
                0x100001d2                isr_systick
                0x100001d4                __default_isrs_end
 *(.binary_info_header)
 .binary_info_header
                0x100001d4       0x14 CMakeFiles/ADCS_board.dir/C_/Users/weinkyls/.pico-sdk/sdk/2.2.0/src/rp2_common/pico_crt0/crt0.S.obj
                0x100001e8                        __binary_info_header_end = .
 *(.embedded_block)
                0x100001e8                        __embedded_block_end = .
 *(.reset)
 .reset         0x100001e8       0x9c CMakeFiles/ADCS_board.dir/C_/Users/weinkyls/.pico-sdk/sdk/2.2.0/src/rp2_common/pico_crt0/crt0.S.obj
                0x100001e8                _entry_point
 *(.init)
 .init          0x10000284        0x4 C:/Users/weinkyls/.pico-sdk/toolchain/14_2_Rel1/bin/../lib/gcc/arm-none-eabi/14.2.1/thumb/v6-m/nofp/crti.o
                0x10000284                _init
 *(EXCLUDE_FILE(*libm.a: *libc.a:*lib_a-mem*.o *libgcc.a:) .text*)
 .text.register_tm_clones
                0x10000288       0x28 C:/Users/weinkyls/.pico-sdk/toolchain/14_2_Rel1/bin/../lib/gcc/arm-none-eabi/14.2.1/thumb/v6-m/nofp/crtbegin.o
 .text.frame_dummy
                0x100002b0       0x24 C:/Users/weinkyls/.pico-sdk/toolchain/14_2_Rel1/bin/../lib/gcc/arm-none-eabi/14.2.1/thumb/v6-m/nofp/crtbegin.o
 .text.i2c_slave_handler
                0x100002d4       0x40 CMakeFiles/ADCS_board.dir/ADCS_board.c.obj
                0x100002d4                i2c_slave_handler
 .text.bmp280_init_sensor
                0x10000314       0x3c CMakeFiles/ADCS_board.dir/ADCS_board.c.obj
                0x10000314                bmp280_init_sensor
 .text.startup.main
                0x10000350       0x94 CMakeFiles/ADCS_board.dir/ADCS_board.c.obj
                0x10000350                main
 .text.gpio_set_function
                0x100003e4       0x34 CMakeFiles/ADCS_board.dir/C_/Users/weinkyls/.pico-sdk/sdk/2.2.0/src/rp2_common/hardware_gpio/gpio.c.obj
                0x100003e4                gpio_set_function
 .text.gpio_set_pulls
                0x10000418       0x28 CMakeFiles/ADCS_board.dir/C_/Users/weinkyls/.pico-sdk/sdk/2.2.0/src/rp2_common/hardware_gpio/gpio.c.obj
                0x10000418                gpio_set_pulls
 .text.rp2040_chip_version
                0x10000440        0xc CMakeFiles/ADCS_board.dir/C_/Users/weinkyls/.pico-sdk/sdk/2.2.0/src/rp2040/pico_platform/platform.c.obj
                0x10000440                rp2040_chip_version
 .text.panic    0x1000044c       0x30 CMakeFiles/ADCS_board.dir/C_/Users/weinkyls/.pico-sdk/sdk/2.2.0/src/rp2_common/pico_platform_panic/panic.c.obj
                0x1000044c                panic
 .text.hw_claim_or_assert
                0x1000047c       0x44 CMakeFiles/ADCS_board.dir/C_/Users/weinkyls/.pico-sdk/sdk/2.2.0/src/common/hardware_claim/claim.c.obj
                0x1000047c                hw_claim_or_assert
 .text.hw_claim_unused_from_range
                0x100004c0       0x88 CMakeFiles/ADCS_board.dir/C_/Users/weinkyls/.pico-sdk/sdk/2.2.0/src/common/hardware_claim/claim.c.obj
                0x100004c0                hw_claim_unused_from_range
 .text.next_striped_spin_lock_num
                0x10000548       0x18 CMakeFiles/ADCS_board.dir/C_/Users/weinkyls/.pico-sdk/sdk/2.2.0/src/rp2_common/hardware_sync/sync.c.obj
                0x10000548                next_striped_spin_lock_num
 .text.spin_lock_claim_unused
                0x10000560       0x24 CMakeFiles/ADCS_board.dir/C_/Users/weinkyls/.pico-sdk/sdk/2.2.0/src/rp2_common/hardware_sync/sync.c.obj
                0x10000560                spin_lock_claim_unused
 .text.spin_locks_reset
                0x10000584       0x1c CMakeFiles/ADCS_board.dir/C_/Users/weinkyls/.pico-sdk/sdk/2.2.0/src/rp2_common/hardware_sync_spin_lock/sync_spin_lock.c.obj
                0x10000584                spin_locks_reset
 .text.runtime_init_per_core_irq_priorities
                0x100005a0       0x24 CMakeFiles/ADCS_board.dir/C_/Users/weinkyls/.pico-sdk/sdk/2.2.0/src/rp2_common/hardware_irq/irq.c.obj
                0x100005a0                runtime_init_per_core_irq_priorities
 .text.irq_set_enabled
                0x100005c4       0x24 CMakeFiles/ADCS_board.dir/C_/Users/weinkyls/.pico-sdk/sdk/2.2.0/src/rp2_common/hardware_irq/irq.c.obj
                0x100005c4                irq_set_enabled
 .text.irq_is_enabled
                0x100005e8       0x18 CMakeFiles/ADCS_board.dir/C_/Users/weinkyls/.pico-sdk/sdk/2.2.0/src/rp2_common/hardware_irq/irq.c.obj
                0x100005e8                irq_is_enabled
 .text.irq_set_pending
                0x10000600       0x10 CMakeFiles/ADCS_board.dir/C_/Users/weinkyls/.pico-sdk/sdk/2.2.0/src/rp2_common/hardware_irq/irq.c.obj
                0x10000600                irq_set_pending
 .text.irq_has_shared_handler
                0x10000610       0x24 CMakeFiles/ADCS_board.dir/C_/Users/weinkyls/.pico-sdk/sdk/2.2.0/src/rp2_common/hardware_irq/irq.c.obj
                0x10000610                irq_has_shared_handler
 .text.irq_set_exclusive_handler
                0x10000634       0x54 CMakeFiles/ADCS_board.dir/C_/Users/weinkyls/.pico-sdk/sdk/2.2.0/src/rp2_common/hardware_irq/irq.c.obj
                0x10000634                irq_set_exclusive_handler
 .text.irq_add_shared_handler
                0x10000688      0x1f4 CMakeFiles/ADCS_board.dir/C_/Users/weinkyls/.pico-sdk/sdk/2.2.0/src/rp2_common/hardware_irq/irq.c.obj
                0x10000688                irq_add_shared_handler
 .text.irq_add_tail_to_free_list
                0x1000087c       0xb4 CMakeFiles/ADCS_board.dir/C_/Users/weinkyls/.pico-sdk/sdk/2.2.0/src/rp2_common/hardware_irq/irq.c.obj
                0x1000087c                irq_add_tail_to_free_list
 .text.user_irq_claim_unused
                0x10000930       0x2c CMakeFiles/ADCS_board.dir/C_/Users/weinkyls/.pico-sdk/sdk/2.2.0/src/rp2_common/hardware_irq/irq.c.obj
                0x10000930                user_irq_claim_unused
 .text.lock_init
                0x1000095c       0x10 CMakeFiles/ADCS_board.dir/C_/Users/weinkyls/.pico-sdk/sdk/2.2.0/src/common/pico_sync/lock_core.c.obj
                0x1000095c                lock_init
 .text.runtime_init_mutex
                0x1000096c       0x50 CMakeFiles/ADCS_board.dir/C_/Users/weinkyls/.pico-sdk/sdk/2.2.0/src/common/pico_sync/mutex.c.obj
                0x1000096c                runtime_init_mutex
 .text.mutex_init
                0x100009bc       0x1c CMakeFiles/ADCS_board.dir/C_/Users/weinkyls/.pico-sdk/sdk/2.2.0/src/common/pico_sync/mutex.c.obj
                0x100009bc                mutex_init
 .text.critical_section_init
                0x100009d8       0x1c CMakeFiles/ADCS_board.dir/C_/Users/weinkyls/.pico-sdk/sdk/2.2.0/src/common/pico_sync/critical_section.c.obj
                0x100009d8                critical_section_init
 .text.critical_section_init_with_lock_num
                0x100009f4       0x14 CMakeFiles/ADCS_board.dir/C_/Users/weinkyls/.pico-sdk/sdk/2.2.0/src/common/pico_sync/critical_section.c.obj
                0x100009f4                critical_section_init_with_lock_num
 .text.sleep_until_callback
                0x10000a08       0x30 CMakeFiles/ADCS_board.dir/C_/Users/weinkyls/.pico-sdk/sdk/2.2.0/src/common/pico_time/time.c.obj
 .text.alarm_pool_irq_handler
                0x10000a38      0x300 CMakeFiles/ADCS_board.dir/C_/Users/weinkyls/.pico-sdk/sdk/2.2.0/src/common/pico_time/time.c.obj
 .text.runtime_init_default_alarm_pool
                0x10000d38       0xdc CMakeFiles/ADCS_board.dir/C_/Users/weinkyls/.pico-sdk/sdk/2.2.0/src/common/pico_time/time.c.obj
                0x10000d38                runtime_init_default_alarm_pool
 .text.alarm_pool_get_default
                0x10000e14        0x8 CMakeFiles/ADCS_board.dir/C_/Users/weinkyls/.pico-sdk/sdk/2.2.0/src/common/pico_time/time.c.obj
                0x10000e14                alarm_pool_get_default
 .text.alarm_pool_add_alarm_at
                0x10000e1c       0xd0 CMakeFiles/ADCS_board.dir/C_/Users/weinkyls/.pico-sdk/sdk/2.2.0/src/common/pico_time/time.c.obj
                0x10000e1c                alarm_pool_add_alarm_at
 .text.alarm_pool_add_alarm_at_force_in_context
                0x10000eec       0xb0 CMakeFiles/ADCS_board.dir/C_/Users/weinkyls/.pico-sdk/sdk/2.2.0/src/common/pico_time/time.c.obj
                0x10000eec                alarm_pool_add_alarm_at_force_in_context
 .text.alarm_pool_cancel_alarm
                0x10000f9c       0x74 CMakeFiles/ADCS_board.dir/C_/Users/weinkyls/.pico-sdk/sdk/2.2.0/src/common/pico_time/time.c.obj
                0x10000f9c                alarm_pool_cancel_alarm
 .text.alarm_pool_core_num
                0x10001010        0x4 CMakeFiles/ADCS_board.dir/C_/Users/weinkyls/.pico-sdk/sdk/2.2.0/src/common/pico_time/time.c.obj
                0x10001010                alarm_pool_core_num
 .text.best_effort_wfe_or_timeout
                0x10001014      0x10c CMakeFiles/ADCS_board.dir/C_/Users/weinkyls/.pico-sdk/sdk/2.2.0/src/common/pico_time/time.c.obj
                0x10001014                best_effort_wfe_or_timeout
 .text.timer_hardware_alarm_claim
                0x10001120       0x14 CMakeFiles/ADCS_board.dir/C_/Users/weinkyls/.pico-sdk/sdk/2.2.0/src/rp2_common/hardware_timer/timer.c.obj
                0x10001120                timer_hardware_alarm_claim
 .text.timer_time_us_64
                0x10001134       0x10 CMakeFiles/ADCS_board.dir/C_/Users/weinkyls/.pico-sdk/sdk/2.2.0/src/rp2_common/hardware_timer/timer.c.obj
                0x10001134                timer_time_us_64
 .text.time_us_64
                0x10001144       0x14 CMakeFiles/ADCS_board.dir/C_/Users/weinkyls/.pico-sdk/sdk/2.2.0/src/rp2_common/hardware_timer/timer.c.obj
                0x10001144                time_us_64
 .text.clock_configure_int_divider
                0x10001158       0xf4 CMakeFiles/ADCS_board.dir/C_/Users/weinkyls/.pico-sdk/sdk/2.2.0/src/rp2_common/hardware_clocks/clocks.c.obj
                0x10001158                clock_configure_int_divider
 .text.clock_configure_undivided
                0x1000124c       0xe8 CMakeFiles/ADCS_board.dir/C_/Users/weinkyls/.pico-sdk/sdk/2.2.0/src/rp2_common/hardware_clocks/clocks.c.obj
                0x1000124c                clock_configure_undivided
 .text.clock_get_hz
                0x10001334        0xc CMakeFiles/ADCS_board.dir/C_/Users/weinkyls/.pico-sdk/sdk/2.2.0/src/rp2_common/hardware_clocks/clocks.c.obj
                0x10001334                clock_get_hz
 .text.pll_init
                0x10001340       0xa4 CMakeFiles/ADCS_board.dir/C_/Users/weinkyls/.pico-sdk/sdk/2.2.0/src/rp2_common/hardware_pll/pll.c.obj
                0x10001340                pll_init
 .text.watchdog_reboot
                0x100013e4       0x9c CMakeFiles/ADCS_board.dir/C_/Users/weinkyls/.pico-sdk/sdk/2.2.0/src/rp2_common/hardware_watchdog/watchdog.c.obj
                0x100013e4                watchdog_reboot
 .text.tick_start
                0x10001480       0x10 CMakeFiles/ADCS_board.dir/C_/Users/weinkyls/.pico-sdk/sdk/2.2.0/src/rp2_common/hardware_ticks/ticks.c.obj
                0x10001480                tick_start
 .text.rom_func_lookup
                0x10001490       0x10 CMakeFiles/ADCS_board.dir/C_/Users/weinkyls/.pico-sdk/sdk/2.2.0/src/rp2_common/pico_bootrom/bootrom.c.obj
                0x10001490                rom_func_lookup
 .text.rom_data_lookup
                0x100014a0       0x10 CMakeFiles/ADCS_board.dir/C_/Users/weinkyls/.pico-sdk/sdk/2.2.0/src/rp2_common/pico_bootrom/bootrom.c.obj
                0x100014a0                rom_data_lookup
 .text.rom_funcs_lookup
                0x100014b0       0x44 CMakeFiles/ADCS_board.dir/C_/Users/weinkyls/.pico-sdk/sdk/2.2.0/src/rp2_common/pico_bootrom/bootrom.c.obj
                0x100014b0                rom_funcs_lookup
 .text.rom_reset_usb_boot_extra
                0x100014f4       0x24 CMakeFiles/ADCS_board.dir/C_/Users/weinkyls/.pico-sdk/sdk/2.2.0/src/rp2_common/pico_bootrom/bootrom.c.obj
                0x100014f4                rom_reset_usb_boot_extra
 .text.xosc_init
                0x10001518       0x28 CMakeFiles/ADCS_board.dir/C_/Users/weinkyls/.pico-sdk/sdk/2.2.0/src/rp2_common/hardware_xosc/xosc.c.obj
                0x10001518                xosc_init
 .text.first_per_core_initializer
                0x10001540        0x4 CMakeFiles/ADCS_board.dir/C_/Users/weinkyls/.pico-sdk/sdk/2.2.0/src/rp2_common/pico_runtime/runtime.c.obj
 .text.hard_assertion_failure
                0x10001544        0xc CMakeFiles/ADCS_board.dir/C_/Users/weinkyls/.pico-sdk/sdk/2.2.0/src/rp2_common/pico_runtime/runtime.c.obj
                0x10001544                hard_assertion_failure
 .text.runtime_run_initializers
                0x10001550       0x28 CMakeFiles/ADCS_board.dir/C_/Users/weinkyls/.pico-sdk/sdk/2.2.0/src/rp2_common/pico_runtime/runtime.c.obj
                0x10001550                runtime_run_initializers
 .text.runtime_init_early_resets
                0x10001578       0x2c CMakeFiles/ADCS_board.dir/C_/Users/weinkyls/.pico-sdk/sdk/2.2.0/src/rp2_common/pico_runtime_init/runtime_init.c.obj
                0x10001578                runtime_init_early_resets
 .text.runtime_init_usb_power_down
                0x100015a4       0x1c CMakeFiles/ADCS_board.dir/C_/Users/weinkyls/.pico-sdk/sdk/2.2.0/src/rp2_common/pico_runtime_init/runtime_init.c.obj
                0x100015a4                runtime_init_usb_power_down
 .text.runtime_init_post_clock_resets
                0x100015c0       0x20 CMakeFiles/ADCS_board.dir/C_/Users/weinkyls/.pico-sdk/sdk/2.2.0/src/rp2_common/pico_runtime_init/runtime_init.c.obj
                0x100015c0                runtime_init_post_clock_resets
 .text.runtime_init_rp2040_gpio_ie_disable
                0x100015e0       0x14 CMakeFiles/ADCS_board.dir/C_/Users/weinkyls/.pico-sdk/sdk/2.2.0/src/rp2_common/pico_runtime_init/runtime_init.c.obj
                0x100015e0                runtime_init_rp2040_gpio_ie_disable
 .text.runtime_init_spin_locks_reset
                0x100015f4        0x8 CMakeFiles/ADCS_board.dir/C_/Users/weinkyls/.pico-sdk/sdk/2.2.0/src/rp2_common/pico_runtime_init/runtime_init.c.obj
                0x100015f4                runtime_init_spin_locks_reset
 .text.runtime_init_install_ram_vector_table
                0x100015fc       0xb4 CMakeFiles/ADCS_board.dir/C_/Users/weinkyls/.pico-sdk/sdk/2.2.0/src/rp2_common/pico_runtime_init/runtime_init.c.obj
                0x100015fc                runtime_init_install_ram_vector_table
 .text.runtime_init_clocks
                0x100016b0       0xd8 CMakeFiles/ADCS_board.dir/C_/Users/weinkyls/.pico-sdk/sdk/2.2.0/src/rp2_common/pico_runtime_init/runtime_init_clocks.c.obj
                0x100016b0                runtime_init_clocks
 .text          0x10001788       0x10 CMakeFiles/ADCS_board.dir/C_/Users/weinkyls/.pico-sdk/sdk/2.2.0/src/rp2_common/pico_bit_ops/bit_ops_aeabi.S.obj
 .text.__wrap___aeabi_idiv
                0x10001798       0x50 CMakeFiles/ADCS_board.dir/C_/Users/weinkyls/.pico-sdk/sdk/2.2.0/src/rp2_common/pico_divider/divider_hardware.S.obj
                0x10001798                __wrap___aeabi_idivmod
                0x10001798                divmod_s32s32
                0x10001798                div_s32s32
                0x10001798                __wrap___aeabi_idiv
                0x100017a0                divmod_s32s32_unsafe
                0x100017cc                divmod_s32s32_savestate
 .text.__wrap___aeabi_uidiv
                0x100017e8       0x4c CMakeFiles/ADCS_board.dir/C_/Users/weinkyls/.pico-sdk/sdk/2.2.0/src/rp2_common/pico_divider/divider_hardware.S.obj
                0x100017e8                __wrap___aeabi_uidiv
                0x100017e8                __wrap___aeabi_uidivmod
                0x100017e8                div_u32u32
                0x100017e8                divmod_u32u32
                0x100017f0                divmod_u32u32_unsafe
                0x10001818                divmod_u32u32_savestate
 .text.__wrap___aeabi_ldiv
                0x10001834      0x424 CMakeFiles/ADCS_board.dir/C_/Users/weinkyls/.pico-sdk/sdk/2.2.0/src/rp2_common/pico_divider/divider_hardware.S.obj
                0x10001834                div_s64s64
                0x10001834                divmod_s64s64
                0x10001834                __wrap___aeabi_ldivmod
                0x10001864                divmod_u64u64
                0x10001864                div_u64u64
                0x10001864                __wrap___aeabi_uldivmod
                0x10001874                divmod_u64u64_savestate
                0x10001894                divmod_s64s64_unsafe
                0x1000191c                divmod_u64u64_unsafe
 .text.__wrap___aeabi_darithmetic
                0x10001c58       0x80 CMakeFiles/ADCS_board.dir/C_/Users/weinkyls/.pico-sdk/sdk/2.2.0/src/rp2_common/pico_double/double_aeabi_rp2040.S.obj
                0x10001c58                __wrap___aeabi_drsub
                0x10001c5e                __wrap___aeabi_dsub
                0x10001c70                __wrap___aeabi_dadd
                0x10001c82                __wrap___aeabi_ddiv
                0x10001cbe                __wrap___aeabi_dmul
 .text.__wrap___aeabi_cdcmple
                0x10001cd8       0x6c CMakeFiles/ADCS_board.dir/C_/Users/weinkyls/.pico-sdk/sdk/2.2.0/src/rp2_common/pico_double/double_aeabi_rp2040.S.obj
                0x10001cd8                __wrap___aeabi_cdrcmple
                0x10001ce8                __wrap___aeabi_cdcmpeq
                0x10001ce8                __wrap___aeabi_cdcmple
 .text.__wrap___aeabi_dcmplt
                0x10001d44        0xc CMakeFiles/ADCS_board.dir/C_/Users/weinkyls/.pico-sdk/sdk/2.2.0/src/rp2_common/pico_double/double_aeabi_rp2040.S.obj
                0x10001d44                __wrap___aeabi_dcmplt
 .text.__wrap___aeabi_dcmple
                0x10001d50       0x10 CMakeFiles/ADCS_board.dir/C_/Users/weinkyls/.pico-sdk/sdk/2.2.0/src/rp2_common/pico_double/double_aeabi_rp2040.S.obj
                0x10001d50                __wrap___aeabi_dcmple
 .text.__wrap___aeabi_dcmpge
                0x10001d60       0x10 CMakeFiles/ADCS_board.dir/C_/Users/weinkyls/.pico-sdk/sdk/2.2.0/src/rp2_common/pico_double/double_aeabi_rp2040.S.obj
                0x10001d60                __wrap___aeabi_dcmpge
 .text.__wrap___aeabi_dcmpgt
                0x10001d70        0xa CMakeFiles/ADCS_board.dir/C_/Users/weinkyls/.pico-sdk/sdk/2.2.0/src/rp2_common/pico_double/double_aeabi_rp2040.S.obj
                0x10001d70                __wrap___aeabi_dcmpgt
 .text.__wrap___aeabi_dcmpun
                0x10001d7a       0x18 CMakeFiles/ADCS_board.dir/C_/Users/weinkyls/.pico-sdk/sdk/2.2.0/src/rp2_common/pico_double/double_aeabi_rp2040.S.obj
                0x10001d7a                __wrap___aeabi_dcmpun
 *fill*         0x10001d92        0x2 
 .text.__wrap___aeabi_i2d
                0x10001d94       0x38 CMakeFiles/ADCS_board.dir/C_/Users/weinkyls/.pico-sdk/sdk/2.2.0/src/rp2_common/pico_double/double_aeabi_rp2040.S.obj
                0x10001d94                uint2double
                0x10001d94                __wrap___aeabi_ui2d
                0x10001d9c                int2double
                0x10001d9c                __wrap___aeabi_i2d
 .text.__wrap___aeabi_d2iz
                0x10001dcc       0x48 CMakeFiles/ADCS_board.dir/C_/Users/weinkyls/.pico-sdk/sdk/2.2.0/src/rp2_common/pico_double/double_aeabi_rp2040.S.obj
                0x10001dcc                double2int_z
                0x10001dcc                __wrap___aeabi_d2iz
 .text.__wrap___aeabi_d2uiz
                0x10001e14       0x18 CMakeFiles/ADCS_board.dir/C_/Users/weinkyls/.pico-sdk/sdk/2.2.0/src/rp2_common/pico_double/double_aeabi_rp2040.S.obj
                0x10001e14                double2uint
                0x10001e14                __wrap___aeabi_d2uiz
                0x10001e14                double2uint_z
 .text.__aeabi_double_init
                0x10001e2c       0xa4 CMakeFiles/ADCS_board.dir/C_/Users/weinkyls/.pico-sdk/sdk/2.2.0/src/rp2_common/pico_double/double_init_rom_rp2040.c.obj
                0x10001e2c                __aeabi_double_init
 .text.double_table_shim_on_use_helper
                0x10001ed0       0x2c CMakeFiles/ADCS_board.dir/C_/Users/weinkyls/.pico-sdk/sdk/2.2.0/src/rp2_common/pico_double/double_v1_rom_shim_rp2040.S.obj
                0x10001ed0                double_table_shim_on_use_helper
 .text.__wrap___aeabi_dsub
                0x10001efc       0x10 CMakeFiles/ADCS_board.dir/C_/Users/weinkyls/.pico-sdk/sdk/2.2.0/src/rp2_common/pico_double/double_v1_rom_shim_rp2040.S.obj
                0x10001efc                drsub_shim
                0x10001f02                dsub_shim
 .text.dadd_shim
                0x10001f0c      0x15c CMakeFiles/ADCS_board.dir/C_/Users/weinkyls/.pico-sdk/sdk/2.2.0/src/rp2_common/pico_double/double_v1_rom_shim_rp2040.S.obj
                0x10001f0c                dadd_shim
 .text.dmul_shim
                0x10002068      0x15c CMakeFiles/ADCS_board.dir/C_/Users/weinkyls/.pico-sdk/sdk/2.2.0/src/rp2_common/pico_double/double_v1_rom_shim_rp2040.S.obj
                0x10002068                dmul_shim
 .text.ddiv_shim
                0x100021c4      0x1b0 CMakeFiles/ADCS_board.dir/C_/Users/weinkyls/.pico-sdk/sdk/2.2.0/src/rp2_common/pico_double/double_v1_rom_shim_rp2040.S.obj
                0x100021c4                ddiv_shim
 .text.double2uint_shim
                0x10002374        0xe CMakeFiles/ADCS_board.dir/C_/Users/weinkyls/.pico-sdk/sdk/2.2.0/src/rp2_common/pico_double/double_v1_rom_shim_rp2040.S.obj
                0x10002374                double2uint_shim
                0x10002376                double2ufix_shim
 *fill*         0x10002382        0x2 
 .text.double2uint64_shim
                0x10002384       0x70 CMakeFiles/ADCS_board.dir/C_/Users/weinkyls/.pico-sdk/sdk/2.2.0/src/rp2_common/pico_double/double_v1_rom_shim_rp2040.S.obj
                0x10002384                double2uint64_shim
                0x10002386                double2ufix64_shim
                0x100023a6                d2fix_a
 .text.dunpacks
                0x100023f4       0x3c CMakeFiles/ADCS_board.dir/C_/Users/weinkyls/.pico-sdk/sdk/2.2.0/src/rp2_common/pico_double/double_v1_rom_shim_rp2040.S.obj
                0x100023f4                dunpacks
 .text.__aeabi_lmul
                0x10002430       0x32 CMakeFiles/ADCS_board.dir/C_/Users/weinkyls/.pico-sdk/sdk/2.2.0/src/rp2_common/pico_int64_ops/pico_int64_ops_aeabi.S.obj
                0x10002430                __wrap___aeabi_lmul
 *fill*         0x10002462        0x2 
 .text.__aeabi_float_init
                0x10002464       0x64 CMakeFiles/ADCS_board.dir/C_/Users/weinkyls/.pico-sdk/sdk/2.2.0/src/rp2_common/pico_float/float_init_rom_rp2040.c.obj
                0x10002464                __aeabi_float_init
 .text.float_table_shim_on_use_helper
                0x100024c8       0x2c CMakeFiles/ADCS_board.dir/C_/Users/weinkyls/.pico-sdk/sdk/2.2.0/src/rp2_common/pico_float/float_v1_rom_shim_rp2040.S.obj
                0x100024c8                float_table_shim_on_use_helper
 .text          0x100024f4       0x10 CMakeFiles/ADCS_board.dir/C_/Users/weinkyls/.pico-sdk/sdk/2.2.0/src/rp2_common/pico_mem_ops/mem_ops_aeabi.S.obj
                0x100024f4                __aeabi_mem_init
 .text.memset   0x10002504        0xc CMakeFiles/ADCS_board.dir/C_/Users/weinkyls/.pico-sdk/sdk/2.2.0/src/rp2_common/pico_mem_ops/mem_ops_aeabi.S.obj
                0x10002504                __wrap_memset
 .text.memcpy   0x10002510        0xc CMakeFiles/ADCS_board.dir/C_/Users/weinkyls/.pico-sdk/sdk/2.2.0/src/rp2_common/pico_mem_ops/mem_ops_aeabi.S.obj
                0x10002510                __wrap_memcpy
                0x10002510                __wrap___aeabi_memcpy
 .text._out_null
                0x1000251c        0x4 CMakeFiles/ADCS_board.dir/C_/Users/weinkyls/.pico-sdk/sdk/2.2.0/src/rp2_common/pico_printf/printf.c.obj
 .text._out_rev
                0x10002520       0xac CMakeFiles/ADCS_board.dir/C_/Users/weinkyls/.pico-sdk/sdk/2.2.0/src/rp2_common/pico_printf/printf.c.obj
 .text._ntoa_format
                0x100025cc      0x1cc CMakeFiles/ADCS_board.dir/C_/Users/weinkyls/.pico-sdk/sdk/2.2.0/src/rp2_common/pico_printf/printf.c.obj
 .text._out_char
                0x10002798       0x10 CMakeFiles/ADCS_board.dir/C_/Users/weinkyls/.pico-sdk/sdk/2.2.0/src/rp2_common/pico_printf/printf.c.obj
 .text._out_fct
                0x100027a8       0x10 CMakeFiles/ADCS_board.dir/C_/Users/weinkyls/.pico-sdk/sdk/2.2.0/src/rp2_common/pico_printf/printf.c.obj
 .text._ftoa    0x100027b8      0x4a8 CMakeFiles/ADCS_board.dir/C_/Users/weinkyls/.pico-sdk/sdk/2.2.0/src/rp2_common/pico_printf/printf.c.obj
 .text._etoa    0x10002c60      0x57c CMakeFiles/ADCS_board.dir/C_/Users/weinkyls/.pico-sdk/sdk/2.2.0/src/rp2_common/pico_printf/printf.c.obj
 .text._vsnprintf
                0x100031dc      0xbe0 CMakeFiles/ADCS_board.dir/C_/Users/weinkyls/.pico-sdk/sdk/2.2.0/src/rp2_common/pico_printf/printf.c.obj
 .text.vfctprintf
                0x10003dbc       0x24 CMakeFiles/ADCS_board.dir/C_/Users/weinkyls/.pico-sdk/sdk/2.2.0/src/rp2_common/pico_printf/printf.c.obj
                0x10003dbc                vfctprintf
 .text.weak_raw_vprintf
                0x10003de0       0x30 CMakeFiles/ADCS_board.dir/C_/Users/weinkyls/.pico-sdk/sdk/2.2.0/src/rp2_common/pico_printf/printf.c.obj
                0x10003de0                weak_raw_vprintf
 .text._exit    0x10003e10        0x4 CMakeFiles/ADCS_board.dir/C_/Users/weinkyls/.pico-sdk/sdk/2.2.0/src/rp2_common/pico_clib_interface/newlib_interface.c.obj
                0x10003e10                _exit
 .text.exit     0x10003e14        0x8 CMakeFiles/ADCS_board.dir/C_/Users/weinkyls/.pico-sdk/sdk/2.2.0/src/rp2_common/pico_clib_interface/newlib_interface.c.obj
                0x10003e14                exit
 .text.runtime_init
                0x10003e1c       0x2c CMakeFiles/ADCS_board.dir/C_/Users/weinkyls/.pico-sdk/sdk/2.2.0/src/rp2_common/pico_clib_interface/newlib_interface.c.obj
                0x10003e1c                runtime_init
 .text.stdio_out_chars_no_crlf
                0x10003e48       0x10 CMakeFiles/ADCS_board.dir/C_/Users/weinkyls/.pico-sdk/sdk/2.2.0/src/rp2_common/pico_stdio/stdio.c.obj
 .text.stdio_out_chars_crlf
                0x10003e58       0xb0 CMakeFiles/ADCS_board.dir/C_/Users/weinkyls/.pico-sdk/sdk/2.2.0/src/rp2_common/pico_stdio/stdio.c.obj
 .text.stdio_buffered_printer
                0x10003f08       0x64 CMakeFiles/ADCS_board.dir/C_/Users/weinkyls/.pico-sdk/sdk/2.2.0/src/rp2_common/pico_stdio/stdio.c.obj
 .text.stdio_put_string
                0x10003f6c       0xfc CMakeFiles/ADCS_board.dir/C_/Users/weinkyls/.pico-sdk/sdk/2.2.0/src/rp2_common/pico_stdio/stdio.c.obj
                0x10003f6c                stdio_put_string
 .text.stdio_set_driver_enabled
                0x10004068       0x30 CMakeFiles/ADCS_board.dir/C_/Users/weinkyls/.pico-sdk/sdk/2.2.0/src/rp2_common/pico_stdio/stdio.c.obj
                0x10004068                stdio_set_driver_enabled
 .text.stdio_init_all
                0x10004098        0x8 CMakeFiles/ADCS_board.dir/C_/Users/weinkyls/.pico-sdk/sdk/2.2.0/src/rp2_common/pico_stdio/stdio.c.obj
                0x10004098                stdio_init_all
 .text.__wrap_putchar
                0x100040a0       0x94 CMakeFiles/ADCS_board.dir/C_/Users/weinkyls/.pico-sdk/sdk/2.2.0/src/rp2_common/pico_stdio/stdio.c.obj
                0x100040a0                __wrap_putchar
                0x100040a0                stdio_putchar
 .text.__wrap_puts
                0x10004134       0x3c CMakeFiles/ADCS_board.dir/C_/Users/weinkyls/.pico-sdk/sdk/2.2.0/src/rp2_common/pico_stdio/stdio.c.obj
                0x10004134                stdio_puts
                0x10004134                __wrap_puts
 .text.__wrap_vprintf
                0x10004170       0xcc CMakeFiles/ADCS_board.dir/C_/Users/weinkyls/.pico-sdk/sdk/2.2.0/src/rp2_common/pico_stdio/stdio.c.obj
                0x10004170                stdio_vprintf
                0x10004170                __wrap_vprintf
 .text.__wrap_printf
                0x1000423c       0x18 CMakeFiles/ADCS_board.dir/C_/Users/weinkyls/.pico-sdk/sdk/2.2.0/src/rp2_common/pico_stdio/stdio.c.obj
                0x1000423c                __wrap_printf
                0x1000423c                stdio_printf
 .text.resetd_init
                0x10004254        0x4 CMakeFiles/ADCS_board.dir/C_/Users/weinkyls/.pico-sdk/sdk/2.2.0/src/rp2_common/pico_stdio_usb/reset_interface.c.obj
 .text.resetd_reset
                0x10004258        0xc CMakeFiles/ADCS_board.dir/C_/Users/weinkyls/.pico-sdk/sdk/2.2.0/src/rp2_common/pico_stdio_usb/reset_interface.c.obj
 .text.resetd_open
                0x10004264       0x28 CMakeFiles/ADCS_board.dir/C_/Users/weinkyls/.pico-sdk/sdk/2.2.0/src/rp2_common/pico_stdio_usb/reset_interface.c.obj
 .text.resetd_xfer_cb
                0x1000428c        0x4 CMakeFiles/ADCS_board.dir/C_/Users/weinkyls/.pico-sdk/sdk/2.2.0/src/rp2_common/pico_stdio_usb/reset_interface.c.obj
 .text.resetd_control_xfer_cb
                0x10004290       0x54 CMakeFiles/ADCS_board.dir/C_/Users/weinkyls/.pico-sdk/sdk/2.2.0/src/rp2_common/pico_stdio_usb/reset_interface.c.obj
 .text.tud_descriptor_bos_cb
                0x100042e4        0x8 CMakeFiles/ADCS_board.dir/C_/Users/weinkyls/.pico-sdk/sdk/2.2.0/src/rp2_common/pico_stdio_usb/reset_interface.c.obj
                0x100042e4                tud_descriptor_bos_cb
 .text.tud_vendor_control_xfer_cb
                0x100042ec       0x34 CMakeFiles/ADCS_board.dir/C_/Users/weinkyls/.pico-sdk/sdk/2.2.0/src/rp2_common/pico_stdio_usb/reset_interface.c.obj
                0x100042ec                tud_vendor_control_xfer_cb
 .text.usbd_app_driver_get_cb
                0x10004320        0xc CMakeFiles/ADCS_board.dir/C_/Users/weinkyls/.pico-sdk/sdk/2.2.0/src/rp2_common/pico_stdio_usb/reset_interface.c.obj
                0x10004320                usbd_app_driver_get_cb
 .text.tud_cdc_line_coding_cb
                0x1000432c       0x2c CMakeFiles/ADCS_board.dir/C_/Users/weinkyls/.pico-sdk/sdk/2.2.0/src/rp2_common/pico_stdio_usb/reset_interface.c.obj
                0x1000432c                tud_cdc_line_coding_cb
 .text.stdio_usb_set_chars_available_callback
                0x10004358       0x14 CMakeFiles/ADCS_board.dir/C_/Users/weinkyls/.pico-sdk/sdk/2.2.0/src/rp2_common/pico_stdio_usb/stdio_usb.c.obj
                0x10004358                stdio_usb_set_chars_available_callback
 .text.usb_irq  0x1000436c       0x10 CMakeFiles/ADCS_board.dir/C_/Users/weinkyls/.pico-sdk/sdk/2.2.0/src/rp2_common/pico_stdio_usb/stdio_usb.c.obj
 .text.timer_task
                0x1000437c       0x64 CMakeFiles/ADCS_board.dir/C_/Users/weinkyls/.pico-sdk/sdk/2.2.0/src/rp2_common/pico_stdio_usb/stdio_usb.c.obj
 .text.stdio_usb_in_chars
                0x100043e0       0x8c CMakeFiles/ADCS_board.dir/C_/Users/weinkyls/.pico-sdk/sdk/2.2.0/src/rp2_common/pico_stdio_usb/stdio_usb.c.obj
                0x100043e0                stdio_usb_in_chars
 .text.stdio_usb_out_flush
                0x1000446c       0x4c CMakeFiles/ADCS_board.dir/C_/Users/weinkyls/.pico-sdk/sdk/2.2.0/src/rp2_common/pico_stdio_usb/stdio_usb.c.obj
 .text.stdio_usb_out_chars
                0x100044b8      0x100 CMakeFiles/ADCS_board.dir/C_/Users/weinkyls/.pico-sdk/sdk/2.2.0/src/rp2_common/pico_stdio_usb/stdio_usb.c.obj
 .text.low_priority_worker_irq
                0x100045b8       0xc8 CMakeFiles/ADCS_board.dir/C_/Users/weinkyls/.pico-sdk/sdk/2.2.0/src/rp2_common/pico_stdio_usb/stdio_usb.c.obj
 .text.stdio_usb_init
                0x10004680       0xe8 CMakeFiles/ADCS_board.dir/C_/Users/weinkyls/.pico-sdk/sdk/2.2.0/src/rp2_common/pico_stdio_usb/stdio_usb.c.obj
                0x10004680                stdio_usb_init
 .text.tud_descriptor_device_cb
                0x10004768        0x8 CMakeFiles/ADCS_board.dir/C_/Users/weinkyls/.pico-sdk/sdk/2.2.0/src/rp2_common/pico_stdio_usb/stdio_usb_descriptors.c.obj
                0x10004768                tud_descriptor_device_cb
 .text.tud_descriptor_configuration_cb
                0x10004770        0x8 CMakeFiles/ADCS_board.dir/C_/Users/weinkyls/.pico-sdk/sdk/2.2.0/src/rp2_common/pico_stdio_usb/stdio_usb_descriptors.c.obj
                0x10004770                tud_descriptor_configuration_cb
 .text.tud_descriptor_string_cb
                0x10004778       0x78 CMakeFiles/ADCS_board.dir/C_/Users/weinkyls/.pico-sdk/sdk/2.2.0/src/rp2_common/pico_stdio_usb/stdio_usb_descriptors.c.obj
                0x10004778                tud_descriptor_string_cb
 .text.startup._retrieve_unique_id_on_boot
                0x100047f0       0x10 CMakeFiles/ADCS_board.dir/C_/Users/weinkyls/.pico-sdk/sdk/2.2.0/src/rp2_common/pico_unique_id/unique_id.c.obj
 .text.pico_get_unique_board_id_string
                0x10004800      0x1a8 CMakeFiles/ADCS_board.dir/C_/Users/weinkyls/.pico-sdk/sdk/2.2.0/src/rp2_common/pico_unique_id/unique_id.c.obj
                0x10004800                pico_get_unique_board_id_string
 .text.flash_get_unique_id
                0x100049a8       0x3c CMakeFiles/ADCS_board.dir/C_/Users/weinkyls/.pico-sdk/sdk/2.2.0/src/rp2_common/hardware_flash/flash.c.obj
                0x100049a8                flash_get_unique_id
 .text.dcd_init
                0x100049e4       0x90 CMakeFiles/ADCS_board.dir/C_/Users/weinkyls/.pico-sdk/sdk/2.2.0/lib/tinyusb/src/portable/raspberrypi/rp2040/dcd_rp2040.c.obj
                0x100049e4                dcd_init
 .text.dcd_int_enable
                0x10004a74        0xc CMakeFiles/ADCS_board.dir/C_/Users/weinkyls/.pico-sdk/sdk/2.2.0/lib/tinyusb/src/portable/raspberrypi/rp2040/dcd_rp2040.c.obj
                0x10004a74                dcd_int_enable
 .text.dcd_set_address
                0x10004a80       0x14 CMakeFiles/ADCS_board.dir/C_/Users/weinkyls/.pico-sdk/sdk/2.2.0/lib/tinyusb/src/portable/raspberrypi/rp2040/dcd_rp2040.c.obj
                0x10004a80                dcd_set_address
 .text.dcd_sof_enable
                0x10004a94       0x1c CMakeFiles/ADCS_board.dir/C_/Users/weinkyls/.pico-sdk/sdk/2.2.0/lib/tinyusb/src/portable/raspberrypi/rp2040/dcd_rp2040.c.obj
                0x10004a94                dcd_sof_enable
 .text.dcd_edpt0_status_complete
                0x10004ab0       0x1c CMakeFiles/ADCS_board.dir/C_/Users/weinkyls/.pico-sdk/sdk/2.2.0/lib/tinyusb/src/portable/raspberrypi/rp2040/dcd_rp2040.c.obj
                0x10004ab0                dcd_edpt0_status_complete
 .text.dcd_edpt_open
                0x10004acc      0x114 CMakeFiles/ADCS_board.dir/C_/Users/weinkyls/.pico-sdk/sdk/2.2.0/lib/tinyusb/src/portable/raspberrypi/rp2040/dcd_rp2040.c.obj
                0x10004acc                dcd_edpt_open
 .text.dcd_edpt_close_all
                0x10004be0        0x8 CMakeFiles/ADCS_board.dir/C_/Users/weinkyls/.pico-sdk/sdk/2.2.0/lib/tinyusb/src/portable/raspberrypi/rp2040/dcd_rp2040.c.obj
                0x10004be0                dcd_edpt_close_all
 .text.dcd_edpt_xfer
                0x10004be8       0x24 CMakeFiles/ADCS_board.dir/C_/Users/weinkyls/.pico-sdk/sdk/2.2.0/lib/tinyusb/src/portable/raspberrypi/rp2040/dcd_rp2040.c.obj
                0x10004be8                dcd_edpt_xfer
 .text.dcd_edpt_stall
                0x10004c0c       0x3c CMakeFiles/ADCS_board.dir/C_/Users/weinkyls/.pico-sdk/sdk/2.2.0/lib/tinyusb/src/portable/raspberrypi/rp2040/dcd_rp2040.c.obj
                0x10004c0c                dcd_edpt_stall
 .text.dcd_edpt_clear_stall
                0x10004c48       0x30 CMakeFiles/ADCS_board.dir/C_/Users/weinkyls/.pico-sdk/sdk/2.2.0/lib/tinyusb/src/portable/raspberrypi/rp2040/dcd_rp2040.c.obj
                0x10004c48                dcd_edpt_clear_stall
 .text.rp2040_usb_init
                0x10004c78       0x40 CMakeFiles/ADCS_board.dir/C_/Users/weinkyls/.pico-sdk/sdk/2.2.0/lib/tinyusb/src/portable/raspberrypi/rp2040/rp2040_usb.c.obj
                0x10004c78                rp2040_usb_init
 .text.hw_endpoint_xfer_start
                0x10004cb8       0x40 CMakeFiles/ADCS_board.dir/C_/Users/weinkyls/.pico-sdk/sdk/2.2.0/lib/tinyusb/src/portable/raspberrypi/rp2040/rp2040_usb.c.obj
                0x10004cb8                hw_endpoint_xfer_start
 .text.tud_event_hook_cb
                0x10004cf8        0x4 CMakeFiles/ADCS_board.dir/C_/Users/weinkyls/.pico-sdk/sdk/2.2.0/lib/tinyusb/src/device/usbd.c.obj
                0x10004cf8                tud_event_hook_cb
 .text.tud_sof_cb
                0x10004cfc        0x4 CMakeFiles/ADCS_board.dir/C_/Users/weinkyls/.pico-sdk/sdk/2.2.0/lib/tinyusb/src/device/usbd.c.obj
                0x10004cfc                tud_sof_cb
 .text.tud_descriptor_device_qualifier_cb
                0x10004d00        0x4 CMakeFiles/ADCS_board.dir/C_/Users/weinkyls/.pico-sdk/sdk/2.2.0/lib/tinyusb/src/device/usbd.c.obj
                0x10004d00                tud_descriptor_device_qualifier_cb
 .text.tud_descriptor_other_speed_configuration_cb
                0x10004d04        0x4 CMakeFiles/ADCS_board.dir/C_/Users/weinkyls/.pico-sdk/sdk/2.2.0/lib/tinyusb/src/device/usbd.c.obj
                0x10004d04                tud_descriptor_other_speed_configuration_cb
 .text.tud_mount_cb
                0x10004d08        0x4 CMakeFiles/ADCS_board.dir/C_/Users/weinkyls/.pico-sdk/sdk/2.2.0/lib/tinyusb/src/device/usbd.c.obj
                0x10004d08                tud_mount_cb
 .text.tud_umount_cb
                0x10004d0c        0x4 CMakeFiles/ADCS_board.dir/C_/Users/weinkyls/.pico-sdk/sdk/2.2.0/lib/tinyusb/src/device/usbd.c.obj
                0x10004d0c                tud_umount_cb
 .text.tud_suspend_cb
                0x10004d10        0x4 CMakeFiles/ADCS_board.dir/C_/Users/weinkyls/.pico-sdk/sdk/2.2.0/lib/tinyusb/src/device/usbd.c.obj
                0x10004d10                tud_suspend_cb
 .text.tud_resume_cb
                0x10004d14        0x4 CMakeFiles/ADCS_board.dir/C_/Users/weinkyls/.pico-sdk/sdk/2.2.0/lib/tinyusb/src/device/usbd.c.obj
                0x10004d14                tud_resume_cb
 .text.tud_mounted
                0x10004d18       0x10 CMakeFiles/ADCS_board.dir/C_/Users/weinkyls/.pico-sdk/sdk/2.2.0/lib/tinyusb/src/device/usbd.c.obj
                0x10004d18                tud_mounted
 .text.tud_suspended
                0x10004d28       0x10 CMakeFiles/ADCS_board.dir/C_/Users/weinkyls/.pico-sdk/sdk/2.2.0/lib/tinyusb/src/device/usbd.c.obj
                0x10004d28                tud_suspended
 .text.tud_rhport_init
                0x10004d38       0xf4 CMakeFiles/ADCS_board.dir/C_/Users/weinkyls/.pico-sdk/sdk/2.2.0/lib/tinyusb/src/device/usbd.c.obj
                0x10004d38                tud_rhport_init
 .text.tud_task_ext
                0x10004e2c      0x800 CMakeFiles/ADCS_board.dir/C_/Users/weinkyls/.pico-sdk/sdk/2.2.0/lib/tinyusb/src/device/usbd.c.obj
                0x10004e2c                tud_task_ext
 .text.usbd_open_edpt_pair
                0x1000562c       0x9c CMakeFiles/ADCS_board.dir/C_/Users/weinkyls/.pico-sdk/sdk/2.2.0/lib/tinyusb/src/device/usbd.c.obj
                0x1000562c                usbd_open_edpt_pair
 .text.usbd_edpt_open
                0x100056c8       0x34 CMakeFiles/ADCS_board.dir/C_/Users/weinkyls/.pico-sdk/sdk/2.2.0/lib/tinyusb/src/device/usbd.c.obj
                0x100056c8                usbd_edpt_open
 .text.usbd_edpt_claim
                0x100056fc       0x28 CMakeFiles/ADCS_board.dir/C_/Users/weinkyls/.pico-sdk/sdk/2.2.0/lib/tinyusb/src/device/usbd.c.obj
                0x100056fc                usbd_edpt_claim
 .text.usbd_edpt_release
                0x10005724       0x28 CMakeFiles/ADCS_board.dir/C_/Users/weinkyls/.pico-sdk/sdk/2.2.0/lib/tinyusb/src/device/usbd.c.obj
                0x10005724                usbd_edpt_release
 .text.usbd_edpt_xfer
                0x1000574c       0x4c CMakeFiles/ADCS_board.dir/C_/Users/weinkyls/.pico-sdk/sdk/2.2.0/lib/tinyusb/src/device/usbd.c.obj
                0x1000574c                usbd_edpt_xfer
 .text.tud_control_status
                0x10005798       0x2c CMakeFiles/ADCS_board.dir/C_/Users/weinkyls/.pico-sdk/sdk/2.2.0/lib/tinyusb/src/device/usbd_control.c.obj
                0x10005798                tud_control_status
 .text.tud_control_xfer
                0x100057c4       0xa8 CMakeFiles/ADCS_board.dir/C_/Users/weinkyls/.pico-sdk/sdk/2.2.0/lib/tinyusb/src/device/usbd_control.c.obj
                0x100057c4                tud_control_xfer
 .text.usbd_control_reset
                0x1000586c       0x14 CMakeFiles/ADCS_board.dir/C_/Users/weinkyls/.pico-sdk/sdk/2.2.0/lib/tinyusb/src/device/usbd_control.c.obj
                0x1000586c                usbd_control_reset
 .text.usbd_control_set_complete_callback
                0x10005880        0xc CMakeFiles/ADCS_board.dir/C_/Users/weinkyls/.pico-sdk/sdk/2.2.0/lib/tinyusb/src/device/usbd_control.c.obj
                0x10005880                usbd_control_set_complete_callback
 .text.usbd_control_set_request
                0x1000588c       0x1c CMakeFiles/ADCS_board.dir/C_/Users/weinkyls/.pico-sdk/sdk/2.2.0/lib/tinyusb/src/device/usbd_control.c.obj
                0x1000588c                usbd_control_set_request
 .text.usbd_control_xfer_cb
                0x100058a8       0xec CMakeFiles/ADCS_board.dir/C_/Users/weinkyls/.pico-sdk/sdk/2.2.0/lib/tinyusb/src/device/usbd_control.c.obj
                0x100058a8                usbd_control_xfer_cb
 .text._prep_out_transaction.isra.0
                0x10005994       0x6c CMakeFiles/ADCS_board.dir/C_/Users/weinkyls/.pico-sdk/sdk/2.2.0/lib/tinyusb/src/class/cdc/cdc_device.c.obj
 .text.tud_cdc_n_connected
                0x10005a00       0x2c CMakeFiles/ADCS_board.dir/C_/Users/weinkyls/.pico-sdk/sdk/2.2.0/lib/tinyusb/src/class/cdc/cdc_device.c.obj
                0x10005a00                tud_cdc_n_connected
 .text.tud_cdc_n_available
                0x10005a2c       0x14 CMakeFiles/ADCS_board.dir/C_/Users/weinkyls/.pico-sdk/sdk/2.2.0/lib/tinyusb/src/class/cdc/cdc_device.c.obj
                0x10005a2c                tud_cdc_n_available
 .text.tud_cdc_n_read
                0x10005a40       0x88 CMakeFiles/ADCS_board.dir/C_/Users/weinkyls/.pico-sdk/sdk/2.2.0/lib/tinyusb/src/class/cdc/cdc_device.c.obj
                0x10005a40                tud_cdc_n_read
 .text.tud_cdc_n_write_flush
                0x10005ac8       0x74 CMakeFiles/ADCS_board.dir/C_/Users/weinkyls/.pico-sdk/sdk/2.2.0/lib/tinyusb/src/class/cdc/cdc_device.c.obj
                0x10005ac8                tud_cdc_n_write_flush
 .text.tud_cdc_n_write
                0x10005b3c       0x40 CMakeFiles/ADCS_board.dir/C_/Users/weinkyls/.pico-sdk/sdk/2.2.0/lib/tinyusb/src/class/cdc/cdc_device.c.obj
                0x10005b3c                tud_cdc_n_write
 .text.tud_cdc_n_write_available
                0x10005b7c       0x14 CMakeFiles/ADCS_board.dir/C_/Users/weinkyls/.pico-sdk/sdk/2.2.0/lib/tinyusb/src/class/cdc/cdc_device.c.obj
                0x10005b7c                tud_cdc_n_write_available
 .text.cdcd_init
                0x10005b90       0x70 CMakeFiles/ADCS_board.dir/C_/Users/weinkyls/.pico-sdk/sdk/2.2.0/lib/tinyusb/src/class/cdc/cdc_device.c.obj
                0x10005b90                cdcd_init
 .text.cdcd_deinit
                0x10005c00       0x30 CMakeFiles/ADCS_board.dir/C_/Users/weinkyls/.pico-sdk/sdk/2.2.0/lib/tinyusb/src/class/cdc/cdc_device.c.obj
                0x10005c00                cdcd_deinit
 .text.cdcd_reset
                0x10005c30       0x4c CMakeFiles/ADCS_board.dir/C_/Users/weinkyls/.pico-sdk/sdk/2.2.0/lib/tinyusb/src/class/cdc/cdc_device.c.obj
                0x10005c30                cdcd_reset
 .text.cdcd_open
                0x10005c7c       0xa4 CMakeFiles/ADCS_board.dir/C_/Users/weinkyls/.pico-sdk/sdk/2.2.0/lib/tinyusb/src/class/cdc/cdc_device.c.obj
                0x10005c7c                cdcd_open
 .text.cdcd_control_xfer_cb
                0x10005d20       0xe8 CMakeFiles/ADCS_board.dir/C_/Users/weinkyls/.pico-sdk/sdk/2.2.0/lib/tinyusb/src/class/cdc/cdc_device.c.obj
                0x10005d20                cdcd_control_xfer_cb
 .text.cdcd_xfer_cb
                0x10005e08      0x100 CMakeFiles/ADCS_board.dir/C_/Users/weinkyls/.pico-sdk/sdk/2.2.0/lib/tinyusb/src/class/cdc/cdc_device.c.obj
                0x10005e08                cdcd_xfer_cb
 .text.vendord_init
                0x10005f08       0x5c CMakeFiles/ADCS_board.dir/C_/Users/weinkyls/.pico-sdk/sdk/2.2.0/lib/tinyusb/src/class/vendor/vendor_device.c.obj
                0x10005f08                vendord_init
 .text.vendord_deinit
                0x10005f64       0x1c CMakeFiles/ADCS_board.dir/C_/Users/weinkyls/.pico-sdk/sdk/2.2.0/lib/tinyusb/src/class/vendor/vendor_device.c.obj
                0x10005f64                vendord_deinit
 .text.vendord_reset
                0x10005f80       0x28 CMakeFiles/ADCS_board.dir/C_/Users/weinkyls/.pico-sdk/sdk/2.2.0/lib/tinyusb/src/class/vendor/vendor_device.c.obj
                0x10005f80                vendord_reset
 .text.vendord_open
                0x10005fa8      0x120 CMakeFiles/ADCS_board.dir/C_/Users/weinkyls/.pico-sdk/sdk/2.2.0/lib/tinyusb/src/class/vendor/vendor_device.c.obj
                0x10005fa8                vendord_open
 .text.vendord_xfer_cb
                0x100060c8       0x9c CMakeFiles/ADCS_board.dir/C_/Users/weinkyls/.pico-sdk/sdk/2.2.0/lib/tinyusb/src/class/vendor/vendor_device.c.obj
                0x100060c8                vendord_xfer_cb
 .text.tusb_rhport_init
                0x10006164       0x4c CMakeFiles/ADCS_board.dir/C_/Users/weinkyls/.pico-sdk/sdk/2.2.0/lib/tinyusb/src/tusb.c.obj
                0x10006164                tusb_rhport_init
 .text.tu_edpt_claim
                0x100061b0       0x50 CMakeFiles/ADCS_board.dir/C_/Users/weinkyls/.pico-sdk/sdk/2.2.0/lib/tinyusb/src/tusb.c.obj
                0x100061b0                tu_edpt_claim
 .text.tu_edpt_release
                0x10006200       0x38 CMakeFiles/ADCS_board.dir/C_/Users/weinkyls/.pico-sdk/sdk/2.2.0/lib/tinyusb/src/tusb.c.obj
                0x10006200                tu_edpt_release
 .text.tu_edpt_validate
                0x10006238       0x7c CMakeFiles/ADCS_board.dir/C_/Users/weinkyls/.pico-sdk/sdk/2.2.0/lib/tinyusb/src/tusb.c.obj
                0x10006238                tu_edpt_validate
 .text.tu_edpt_bind_driver
                0x100062b4       0x34 CMakeFiles/ADCS_board.dir/C_/Users/weinkyls/.pico-sdk/sdk/2.2.0/lib/tinyusb/src/tusb.c.obj
                0x100062b4                tu_edpt_bind_driver
 .text.tu_edpt_stream_init
                0x100062e8       0x6c CMakeFiles/ADCS_board.dir/C_/Users/weinkyls/.pico-sdk/sdk/2.2.0/lib/tinyusb/src/tusb.c.obj
                0x100062e8                tu_edpt_stream_init
 .text.tu_edpt_stream_deinit
                0x10006354        0x4 CMakeFiles/ADCS_board.dir/C_/Users/weinkyls/.pico-sdk/sdk/2.2.0/lib/tinyusb/src/tusb.c.obj
                0x10006354                tu_edpt_stream_deinit
 .text.tu_edpt_stream_write_zlp_if_needed
                0x10006358       0x68 CMakeFiles/ADCS_board.dir/C_/Users/weinkyls/.pico-sdk/sdk/2.2.0/lib/tinyusb/src/tusb.c.obj
                0x10006358                tu_edpt_stream_write_zlp_if_needed
 .text.tu_edpt_stream_write_xfer
                0x100063c0       0x68 CMakeFiles/ADCS_board.dir/C_/Users/weinkyls/.pico-sdk/sdk/2.2.0/lib/tinyusb/src/tusb.c.obj
                0x100063c0                tu_edpt_stream_write_xfer
 .text.tu_edpt_stream_read_xfer
                0x10006428       0xd8 CMakeFiles/ADCS_board.dir/C_/Users/weinkyls/.pico-sdk/sdk/2.2.0/lib/tinyusb/src/tusb.c.obj
                0x10006428                tu_edpt_stream_read_xfer
 .text.tu_fifo_config
                0x10006500       0x6c CMakeFiles/ADCS_board.dir/C_/Users/weinkyls/.pico-sdk/sdk/2.2.0/lib/tinyusb/src/common/tusb_fifo.c.obj
                0x10006500                tu_fifo_config
 .text.tu_fifo_count
                0x1000656c       0x2c CMakeFiles/ADCS_board.dir/C_/Users/weinkyls/.pico-sdk/sdk/2.2.0/lib/tinyusb/src/common/tusb_fifo.c.obj
                0x1000656c                tu_fifo_count
 .text.tu_fifo_empty
                0x10006598       0x10 CMakeFiles/ADCS_board.dir/C_/Users/weinkyls/.pico-sdk/sdk/2.2.0/lib/tinyusb/src/common/tusb_fifo.c.obj
                0x10006598                tu_fifo_empty
 .text.tu_fifo_remaining
                0x100065a8       0x2c CMakeFiles/ADCS_board.dir/C_/Users/weinkyls/.pico-sdk/sdk/2.2.0/lib/tinyusb/src/common/tusb_fifo.c.obj
                0x100065a8                tu_fifo_remaining
 .text.tu_fifo_read
                0x100065d4       0x9c CMakeFiles/ADCS_board.dir/C_/Users/weinkyls/.pico-sdk/sdk/2.2.0/lib/tinyusb/src/common/tusb_fifo.c.obj
                0x100065d4                tu_fifo_read
 .text.tu_fifo_read_n
                0x10006670       0xe8 CMakeFiles/ADCS_board.dir/C_/Users/weinkyls/.pico-sdk/sdk/2.2.0/lib/tinyusb/src/common/tusb_fifo.c.obj
                0x10006670                tu_fifo_read_n
 .text.tu_fifo_write
                0x10006758       0xa4 CMakeFiles/ADCS_board.dir/C_/Users/weinkyls/.pico-sdk/sdk/2.2.0/lib/tinyusb/src/common/tusb_fifo.c.obj
                0x10006758                tu_fifo_write
 .text.tu_fifo_write_n
                0x100067fc      0x178 CMakeFiles/ADCS_board.dir/C_/Users/weinkyls/.pico-sdk/sdk/2.2.0/lib/tinyusb/src/common/tusb_fifo.c.obj
                0x100067fc                tu_fifo_write_n
 .text.tu_fifo_clear
                0x10006974       0x40 CMakeFiles/ADCS_board.dir/C_/Users/weinkyls/.pico-sdk/sdk/2.2.0/lib/tinyusb/src/common/tusb_fifo.c.obj
                0x10006974                tu_fifo_clear
 .text.tu_fifo_set_overwritable
                0x100069b4       0x48 CMakeFiles/ADCS_board.dir/C_/Users/weinkyls/.pico-sdk/sdk/2.2.0/lib/tinyusb/src/common/tusb_fifo.c.obj
                0x100069b4                tu_fifo_set_overwritable
 .text.i2c_read_blocking_internal.constprop.0
                0x100069fc       0x98 CMakeFiles/ADCS_board.dir/C_/Users/weinkyls/.pico-sdk/sdk/2.2.0/src/rp2_common/hardware_i2c/i2c.c.obj
 .text.i2c_write_blocking_internal.constprop.0
                0x10006a94       0xf8 CMakeFiles/ADCS_board.dir/C_/Users/weinkyls/.pico-sdk/sdk/2.2.0/src/rp2_common/hardware_i2c/i2c.c.obj
 .text.i2c_set_baudrate
                0x10006b8c       0xc0 CMakeFiles/ADCS_board.dir/C_/Users/weinkyls/.pico-sdk/sdk/2.2.0/src/rp2_common/hardware_i2c/i2c.c.obj
                0x10006b8c                i2c_set_baudrate
 .text.i2c_init
                0x10006c4c       0x50 CMakeFiles/ADCS_board.dir/C_/Users/weinkyls/.pico-sdk/sdk/2.2.0/src/rp2_common/hardware_i2c/i2c.c.obj
                0x10006c4c                i2c_init
 .text.i2c_set_slave_mode
                0x10006c9c       0x40 CMakeFiles/ADCS_board.dir/C_/Users/weinkyls/.pico-sdk/sdk/2.2.0/src/rp2_common/hardware_i2c/i2c.c.obj
                0x10006c9c                i2c_set_slave_mode
 .text.i2c_write_blocking
                0x10006cdc       0x14 CMakeFiles/ADCS_board.dir/C_/Users/weinkyls/.pico-sdk/sdk/2.2.0/src/rp2_common/hardware_i2c/i2c.c.obj
                0x10006cdc                i2c_write_blocking
 .text.i2c_read_blocking
                0x10006cf0       0x14 CMakeFiles/ADCS_board.dir/C_/Users/weinkyls/.pico-sdk/sdk/2.2.0/src/rp2_common/hardware_i2c/i2c.c.obj
                0x10006cf0                i2c_read_blocking
 .text.i2c_slave_init
                0x10006d04       0x48 CMakeFiles/ADCS_board.dir/C_/Users/weinkyls/.pico-sdk/sdk/2.2.0/src/rp2_common/pico_i2c_slave/i2c_slave.c.obj
                0x10006d04                i2c_slave_init
 .text.strlen   0x10006d4c       0x5c C:/Users/weinkyls/.pico-sdk/toolchain/14_2_Rel1/bin/../lib/gcc/arm-none-eabi/14.2.1/thumb/v6-m/nofp\libg.a(libc_a-strlen-stub.o)
                0x10006d4c                strlen
 *(.fini)
 .fini          0x10006da8        0x4 C:/Users/weinkyls/.pico-sdk/toolchain/14_2_Rel1/bin/../lib/gcc/arm-none-eabi/14.2.1/thumb/v6-m/nofp/crti.o
                0x10006da8                _fini
 *fill*         0x10006dac        0x4 
 .fini.__stub   0x10006db0       0xc0 linker stubs
 *crtbegin.o(.ctors)
 *crtbegin?.o(.ctors)
 *(EXCLUDE_FILE(*crtend.o *crtend?.o) .ctors)
 *(SORT_BY_NAME(.ctors.*))
 *(.ctors)
 *crtbegin.o(.dtors)
 *crtbegin?.o(.dtors)
 *(EXCLUDE_FILE(*crtend.o *crtend?.o) .dtors)
 *(SORT_BY_NAME(.dtors.*))
 *(.dtors)
                0x10006e70                        . = ALIGN (0x4)
                0x10006e70                        PROVIDE (__preinit_array_start = .)
 *(SORT_BY_NAME(.preinit_array.*))
 .preinit_array.00100
                0x10006e70        0x4 CMakeFiles/ADCS_board.dir/C_/Users/weinkyls/.pico-sdk/sdk/2.2.0/src/rp2_common/pico_runtime_init/runtime_init.c.obj
                0x10006e70                __pre_init_runtime_init_early_resets
 .preinit_array.00101
                0x10006e74        0x4 CMakeFiles/ADCS_board.dir/C_/Users/weinkyls/.pico-sdk/sdk/2.2.0/src/rp2_common/pico_runtime_init/runtime_init.c.obj
                0x10006e74                __pre_init_runtime_init_usb_power_down
 .preinit_array.00275
                0x10006e78        0x4 CMakeFiles/ADCS_board.dir/C_/Users/weinkyls/.pico-sdk/sdk/2.2.0/src/rp2_common/pico_bit_ops/bit_ops_aeabi.S.obj
 .preinit_array.00300
                0x10006e7c        0x4 CMakeFiles/ADCS_board.dir/C_/Users/weinkyls/.pico-sdk/sdk/2.2.0/src/rp2_common/pico_mem_ops/mem_ops_aeabi.S.obj
 .preinit_array.00350
                0x10006e80        0x4 CMakeFiles/ADCS_board.dir/C_/Users/weinkyls/.pico-sdk/sdk/2.2.0/src/rp2_common/pico_double/double_aeabi_rp2040.S.obj
 .preinit_array.00350
                0x10006e84        0x4 CMakeFiles/ADCS_board.dir/C_/Users/weinkyls/.pico-sdk/sdk/2.2.0/src/rp2_common/pico_float/float_aeabi_rp2040.S.obj
 .preinit_array.00500
                0x10006e88        0x4 CMakeFiles/ADCS_board.dir/C_/Users/weinkyls/.pico-sdk/sdk/2.2.0/src/rp2_common/pico_runtime_init/runtime_init.c.obj
                0x10006e88                __pre_init_runtime_init_clocks
 .preinit_array.00600
                0x10006e8c        0x4 CMakeFiles/ADCS_board.dir/C_/Users/weinkyls/.pico-sdk/sdk/2.2.0/src/rp2_common/pico_runtime_init/runtime_init.c.obj
                0x10006e8c                __pre_init_runtime_init_post_clock_resets
 .preinit_array.00700
                0x10006e90        0x4 CMakeFiles/ADCS_board.dir/C_/Users/weinkyls/.pico-sdk/sdk/2.2.0/src/rp2_common/pico_runtime_init/runtime_init.c.obj
                0x10006e90                __pre_init_runtime_init_rp2040_gpio_ie_disable
 .preinit_array.01000
                0x10006e94        0x4 CMakeFiles/ADCS_board.dir/C_/Users/weinkyls/.pico-sdk/sdk/2.2.0/src/rp2_common/pico_runtime_init/runtime_init.c.obj
                0x10006e94                __pre_init_runtime_init_spin_locks_reset
 .preinit_array.01100
                0x10006e98        0x4 CMakeFiles/ADCS_board.dir/C_/Users/weinkyls/.pico-sdk/sdk/2.2.0/src/common/pico_sync/mutex.c.obj
                0x10006e98                __pre_init_runtime_init_mutex
 .preinit_array.10080
                0x10006e9c        0x4 CMakeFiles/ADCS_board.dir/C_/Users/weinkyls/.pico-sdk/sdk/2.2.0/src/rp2_common/pico_runtime_init/runtime_init.c.obj
                0x10006e9c                __pre_init_runtime_init_install_ram_vector_table
 .preinit_array.11000
                0x10006ea0        0x4 CMakeFiles/ADCS_board.dir/C_/Users/weinkyls/.pico-sdk/sdk/2.2.0/src/common/pico_time/time.c.obj
                0x10006ea0                __pre_init_runtime_init_default_alarm_pool
 .preinit_array.YYYYY
                0x10006ea4        0x4 CMakeFiles/ADCS_board.dir/C_/Users/weinkyls/.pico-sdk/sdk/2.2.0/src/rp2_common/pico_runtime/runtime.c.obj
                0x10006ea4                __pre_init_first_per_core_initializer
 .preinit_array.ZZZZZ.01200
                0x10006ea8        0x4 CMakeFiles/ADCS_board.dir/C_/Users/weinkyls/.pico-sdk/sdk/2.2.0/src/rp2_common/hardware_irq/irq.c.obj
                0x10006ea8                __pre_init_runtime_init_per_core_irq_priorities
 *(.preinit_array)
                0x10006eac                        PROVIDE (__preinit_array_end = .)
                0x10006eac                        . = ALIGN (0x4)
                0x10006eac                        PROVIDE (__init_array_start = .)
 *(SORT_BY_NAME(.init_array.*))
 .init_array.01000
                0x10006eac        0x4 CMakeFiles/ADCS_board.dir/C_/Users/weinkyls/.pico-sdk/sdk/2.2.0/src/rp2_common/pico_unique_id/unique_id.c.obj
 *(.init_array)
 .init_array    0x10006eb0        0x4 C:/Users/weinkyls/.pico-sdk/toolchain/14_2_Rel1/bin/../lib/gcc/arm-none-eabi/14.2.1/thumb/v6-m/nofp/crtbegin.o
                0x10006eb4                        PROVIDE (__init_array_end = .)
                0x10006eb4                        . = ALIGN (0x4)
                [!provide]                        PROVIDE (__fini_array_start = .)
 *(SORT_BY_NAME(.fini_array.*))
 *(.fini_array)
                [!provide]                        PROVIDE (__fini_array_end = .)
 *(.eh_frame*)
 .eh_frame      0x10006eb4        0x0 C:/Users/weinkyls/.pico-sdk/toolchain/14_2_Rel1/bin/../lib/gcc/arm-none-eabi/14.2.1/thumb/v6-m/nofp/crtbegin.o
                0x10006eb4                        . = ALIGN (0x4)

.glue_7         0x10006eb4        0x0
 .glue_7        0x10006eb4        0x0 linker stubs

.glue_7t        0x10006eb4        0x0
 .glue_7t       0x10006eb4        0x0 linker stubs

.vfp11_veneer   0x10006eb4        0x0
 .vfp11_veneer  0x10006eb4        0x0 linker stubs

.v4_bx          0x10006eb4        0x0
 .v4_bx         0x10006eb4        0x0 linker stubs

.iplt           0x10006eb4        0x0
 .iplt          0x10006eb4        0x0 C:/Users/weinkyls/.pico-sdk/toolchain/14_2_Rel1/bin/../lib/gcc/arm-none-eabi/14.2.1/thumb/v6-m/nofp/crtbegin.o

.rodata         0x10006eb8      0x634
 *(EXCLUDE_FILE(*libm.a: *libc.a:*lib_a-mem*.o *libgcc.a:) .rodata*)
 .rodata.i2c_slave_handler.str1.4
                0x10006eb8      0x184 CMakeFiles/ADCS_board.dir/ADCS_board.c.obj
                                  0xe (size before relaxing)
 .rodata.panic.str1.4
                0x1000703c       0x12 CMakeFiles/ADCS_board.dir/C_/Users/weinkyls/.pico-sdk/sdk/2.2.0/src/rp2_common/pico_platform_panic/panic.c.obj
 .rodata.spin_lock_claim_unused.str1.4
                0x1000703c       0x1b CMakeFiles/ADCS_board.dir/C_/Users/weinkyls/.pico-sdk/sdk/2.2.0/src/rp2_common/hardware_sync/sync.c.obj
 .rodata.user_irq_claim_unused.str1.4
                0x1000703c       0x1b CMakeFiles/ADCS_board.dir/C_/Users/weinkyls/.pico-sdk/sdk/2.2.0/src/rp2_common/hardware_irq/irq.c.obj
 .rodata.timer_hardware_alarm_claim.str1.4
                0x1000703c       0x22 CMakeFiles/ADCS_board.dir/C_/Users/weinkyls/.pico-sdk/sdk/2.2.0/src/rp2_common/hardware_timer/timer.c.obj
 .rodata.hard_assertion_failure.str1.4
                0x1000703c        0xc CMakeFiles/ADCS_board.dir/C_/Users/weinkyls/.pico-sdk/sdk/2.2.0/src/rp2_common/pico_runtime/runtime.c.obj
 .rodata.str1.4
                0x1000703c       0x44 CMakeFiles/ADCS_board.dir/C_/Users/weinkyls/.pico-sdk/sdk/2.2.0/src/rp2_common/pico_standard_binary_info/standard_binary_info.c.obj
 .rodata.__bi_84
                0x1000703c        0xc CMakeFiles/ADCS_board.dir/C_/Users/weinkyls/.pico-sdk/sdk/2.2.0/src/rp2_common/pico_standard_binary_info/standard_binary_info.c.obj
 .rodata.__bi_78
                0x10007048        0xc CMakeFiles/ADCS_board.dir/C_/Users/weinkyls/.pico-sdk/sdk/2.2.0/src/rp2_common/pico_standard_binary_info/standard_binary_info.c.obj
 .rodata.__bi_60
                0x10007054        0xc CMakeFiles/ADCS_board.dir/C_/Users/weinkyls/.pico-sdk/sdk/2.2.0/src/rp2_common/pico_standard_binary_info/standard_binary_info.c.obj
 .rodata.__bi_54
                0x10007060        0xc CMakeFiles/ADCS_board.dir/C_/Users/weinkyls/.pico-sdk/sdk/2.2.0/src/rp2_common/pico_standard_binary_info/standard_binary_info.c.obj
 .rodata.__bi_48
                0x1000706c        0xc CMakeFiles/ADCS_board.dir/C_/Users/weinkyls/.pico-sdk/sdk/2.2.0/src/rp2_common/pico_standard_binary_info/standard_binary_info.c.obj
 .rodata.__bi_42
                0x10007078        0xc CMakeFiles/ADCS_board.dir/C_/Users/weinkyls/.pico-sdk/sdk/2.2.0/src/rp2_common/pico_standard_binary_info/standard_binary_info.c.obj
 .rodata.__bi_34
                0x10007084        0xc CMakeFiles/ADCS_board.dir/C_/Users/weinkyls/.pico-sdk/sdk/2.2.0/src/rp2_common/pico_standard_binary_info/standard_binary_info.c.obj
 .rodata.__bi_26
                0x10007090        0xc CMakeFiles/ADCS_board.dir/C_/Users/weinkyls/.pico-sdk/sdk/2.2.0/src/rp2_common/pico_standard_binary_info/standard_binary_info.c.obj
 .rodata._ftoa.str1.4
                0x1000709c       0x15 CMakeFiles/ADCS_board.dir/C_/Users/weinkyls/.pico-sdk/sdk/2.2.0/src/rp2_common/pico_printf/printf.c.obj
 .rodata._vsnprintf
                0x1000709c      0x19c CMakeFiles/ADCS_board.dir/C_/Users/weinkyls/.pico-sdk/sdk/2.2.0/src/rp2_common/pico_printf/printf.c.obj
 .rodata.pow10.0
                0x10007238       0x50 CMakeFiles/ADCS_board.dir/C_/Users/weinkyls/.pico-sdk/sdk/2.2.0/src/rp2_common/pico_printf/printf.c.obj
 .rodata.crlf_str.0
                0x10007288        0x2 CMakeFiles/ADCS_board.dir/C_/Users/weinkyls/.pico-sdk/sdk/2.2.0/src/rp2_common/pico_stdio/stdio.c.obj
 *fill*         0x1000728a        0x2 
 .rodata._resetd_driver
                0x1000728c       0x20 CMakeFiles/ADCS_board.dir/C_/Users/weinkyls/.pico-sdk/sdk/2.2.0/src/rp2_common/pico_stdio_usb/reset_interface.c.obj
 .rodata.desc_ms_os_20
                0x100072ac       0xa6 CMakeFiles/ADCS_board.dir/C_/Users/weinkyls/.pico-sdk/sdk/2.2.0/src/rp2_common/pico_stdio_usb/reset_interface.c.obj
 *fill*         0x10007352        0x2 
 .rodata.desc_bos
                0x10007354       0x21 CMakeFiles/ADCS_board.dir/C_/Users/weinkyls/.pico-sdk/sdk/2.2.0/src/rp2_common/pico_stdio_usb/reset_interface.c.obj
                0x10007354                desc_bos
 .rodata.str1.4
                0x10007375       0x13 CMakeFiles/ADCS_board.dir/C_/Users/weinkyls/.pico-sdk/sdk/2.2.0/src/rp2_common/pico_stdio_usb/stdio_usb.c.obj
 *fill*         0x10007375        0x3 
 .rodata.__bi_202.0
                0x10007378        0xc CMakeFiles/ADCS_board.dir/C_/Users/weinkyls/.pico-sdk/sdk/2.2.0/src/rp2_common/pico_stdio_usb/stdio_usb.c.obj
 .rodata.str1.4
                0x10007384       0x2a CMakeFiles/ADCS_board.dir/C_/Users/weinkyls/.pico-sdk/sdk/2.2.0/src/rp2_common/pico_stdio_usb/stdio_usb_descriptors.c.obj
 .rodata.usbd_desc_str
                0x10007384       0x18 CMakeFiles/ADCS_board.dir/C_/Users/weinkyls/.pico-sdk/sdk/2.2.0/src/rp2_common/pico_stdio_usb/stdio_usb_descriptors.c.obj
 .rodata.usbd_desc_cfg
                0x1000739c       0x54 CMakeFiles/ADCS_board.dir/C_/Users/weinkyls/.pico-sdk/sdk/2.2.0/src/rp2_common/pico_stdio_usb/stdio_usb_descriptors.c.obj
 .rodata.usbd_desc_device
                0x100073f0       0x12 CMakeFiles/ADCS_board.dir/C_/Users/weinkyls/.pico-sdk/sdk/2.2.0/src/rp2_common/pico_stdio_usb/stdio_usb_descriptors.c.obj
 .rodata.str1.4
                0x10007402       0x14 CMakeFiles/ADCS_board.dir/C_/Users/weinkyls/.pico-sdk/sdk/2.2.0/lib/tinyusb/src/portable/raspberrypi/rp2040/dcd_rp2040.c.obj
 .rodata.str1.4
                0x10007402       0x48 CMakeFiles/ADCS_board.dir/C_/Users/weinkyls/.pico-sdk/sdk/2.2.0/lib/tinyusb/src/portable/raspberrypi/rp2040/rp2040_usb.c.obj
 *fill*         0x10007402        0x2 
 .rodata.tud_task_ext
                0x10007404       0x8c CMakeFiles/ADCS_board.dir/C_/Users/weinkyls/.pico-sdk/sdk/2.2.0/lib/tinyusb/src/device/usbd.c.obj
 .rodata        0x10007490       0x1c CMakeFiles/ADCS_board.dir/C_/Users/weinkyls/.pico-sdk/sdk/2.2.0/lib/tinyusb/src/device/usbd.c.obj
 .rodata._usbd_driver
                0x100074ac       0x40 CMakeFiles/ADCS_board.dir/C_/Users/weinkyls/.pico-sdk/sdk/2.2.0/lib/tinyusb/src/device/usbd.c.obj
                0x100074ec                        . = ALIGN (0x4)
 *(SORT_BY_ALIGNMENT(SORT_BY_NAME(.flashdata*)))
                0x100074ec                        . = ALIGN (0x4)

.ARM.extab
 *(.ARM.extab* .gnu.linkonce.armextab.*)
                0x100074ec                        __exidx_start = .

.ARM.exidx
 *(.ARM.exidx* .gnu.linkonce.armexidx.*)
                0x100074ec                        __exidx_end = .
                0x100074ec                        . = ALIGN (0x4)
                0x100074ec                        __binary_info_start = .

.binary_info    0x100074ec       0x24
 *(.binary_info.keep.*)
 .binary_info.keep.__bi_ptr84
                0x100074ec        0x4 CMakeFiles/ADCS_board.dir/C_/Users/weinkyls/.pico-sdk/sdk/2.2.0/src/rp2_common/pico_standard_binary_info/standard_binary_info.c.obj
 .binary_info.keep.__bi_ptr78
                0x100074f0        0x4 CMakeFiles/ADCS_board.dir/C_/Users/weinkyls/.pico-sdk/sdk/2.2.0/src/rp2_common/pico_standard_binary_info/standard_binary_info.c.obj
 .binary_info.keep.__bi_ptr60
                0x100074f4        0x4 CMakeFiles/ADCS_board.dir/C_/Users/weinkyls/.pico-sdk/sdk/2.2.0/src/rp2_common/pico_standard_binary_info/standard_binary_info.c.obj
 .binary_info.keep.__bi_ptr54
                0x100074f8        0x4 CMakeFiles/ADCS_board.dir/C_/Users/weinkyls/.pico-sdk/sdk/2.2.0/src/rp2_common/pico_standard_binary_info/standard_binary_info.c.obj
 .binary_info.keep.__bi_ptr48
                0x100074fc        0x4 CMakeFiles/ADCS_board.dir/C_/Users/weinkyls/.pico-sdk/sdk/2.2.0/src/rp2_common/pico_standard_binary_info/standard_binary_info.c.obj
 .binary_info.keep.__bi_ptr42
                0x10007500        0x4 CMakeFiles/ADCS_board.dir/C_/Users/weinkyls/.pico-sdk/sdk/2.2.0/src/rp2_common/pico_standard_binary_info/standard_binary_info.c.obj
 .binary_info.keep.__bi_ptr34
                0x10007504        0x4 CMakeFiles/ADCS_board.dir/C_/Users/weinkyls/.pico-sdk/sdk/2.2.0/src/rp2_common/pico_standard_binary_info/standard_binary_info.c.obj
 .binary_info.keep.__bi_ptr26
                0x10007508        0x4 CMakeFiles/ADCS_board.dir/C_/Users/weinkyls/.pico-sdk/sdk/2.2.0/src/rp2_common/pico_standard_binary_info/standard_binary_info.c.obj
 *(.binary_info.*)
 .binary_info.__bi_ptr202
                0x1000750c        0x4 CMakeFiles/ADCS_board.dir/C_/Users/weinkyls/.pico-sdk/sdk/2.2.0/src/rp2_common/pico_stdio_usb/stdio_usb.c.obj
                0x10007510                        __binary_info_end = .
                0x10007510                        . = ALIGN (0x4)

.ram_vector_table
                0x20000000       0xc0
 *(.ram_vector_table)
 .ram_vector_table
                0x20000000       0xc0 CMakeFiles/ADCS_board.dir/C_/Users/weinkyls/.pico-sdk/sdk/2.2.0/src/rp2_common/pico_runtime_init/runtime_init.c.obj
                0x20000000                ram_vector_table

.uninitialized_data
                0x200000c0        0x0
                0x200000c0                        . = ALIGN (0x4)
 *(.uninitialized_data*)

.data           0x200000c0     0x10a0 load address 0x10007510
                0x200000c0                        __data_start__ = .
 *(vtable)
 *(.time_critical*)
 .time_critical.mutex_try_enter
                0x200000c0       0x40 CMakeFiles/ADCS_board.dir/C_/Users/weinkyls/.pico-sdk/sdk/2.2.0/src/common/pico_sync/mutex.c.obj
                0x200000c0                mutex_try_enter
 .time_critical.mutex_try_enter_block_until
                0x20000100       0x98 CMakeFiles/ADCS_board.dir/C_/Users/weinkyls/.pico-sdk/sdk/2.2.0/src/common/pico_sync/mutex.c.obj
                0x20000100                mutex_try_enter_block_until
 .time_critical.mutex_enter_timeout_ms
                0x20000198       0x8c CMakeFiles/ADCS_board.dir/C_/Users/weinkyls/.pico-sdk/sdk/2.2.0/src/common/pico_sync/mutex.c.obj
                0x20000198                mutex_enter_timeout_ms
 .time_critical.mutex_exit
                0x20000224       0x28 CMakeFiles/ADCS_board.dir/C_/Users/weinkyls/.pico-sdk/sdk/2.2.0/src/common/pico_sync/mutex.c.obj
                0x20000224                mutex_exit
 .time_critical.flash_init_boot2_copyout
                0x2000024c       0x30 CMakeFiles/ADCS_board.dir/C_/Users/weinkyls/.pico-sdk/sdk/2.2.0/src/rp2_common/hardware_flash/flash.c.obj
 .time_critical.flash_enable_xip_via_boot2
                0x2000027c        0xc CMakeFiles/ADCS_board.dir/C_/Users/weinkyls/.pico-sdk/sdk/2.2.0/src/rp2_common/hardware_flash/flash.c.obj
 .time_critical.flash_save_hardware_state
                0x20000288       0x20 CMakeFiles/ADCS_board.dir/C_/Users/weinkyls/.pico-sdk/sdk/2.2.0/src/rp2_common/hardware_flash/flash.c.obj
 .time_critical.flash_restore_hardware_state
                0x200002a8       0x20 CMakeFiles/ADCS_board.dir/C_/Users/weinkyls/.pico-sdk/sdk/2.2.0/src/rp2_common/hardware_flash/flash.c.obj
 .time_critical.flash_cs_force
                0x200002c8       0x38 CMakeFiles/ADCS_board.dir/C_/Users/weinkyls/.pico-sdk/sdk/2.2.0/src/rp2_common/hardware_flash/flash.c.obj
 .time_critical.flash_do_cmd
                0x20000300      0x13c CMakeFiles/ADCS_board.dir/C_/Users/weinkyls/.pico-sdk/sdk/2.2.0/src/rp2_common/hardware_flash/flash.c.obj
                0x20000300                flash_do_cmd
 .time_critical.reset_non_control_endpoints
                0x2000043c       0x68 CMakeFiles/ADCS_board.dir/C_/Users/weinkyls/.pico-sdk/sdk/2.2.0/lib/tinyusb/src/portable/raspberrypi/rp2040/dcd_rp2040.c.obj
 .time_critical.hw_handle_buff_status
                0x200004a4       0xa0 CMakeFiles/ADCS_board.dir/C_/Users/weinkyls/.pico-sdk/sdk/2.2.0/lib/tinyusb/src/portable/raspberrypi/rp2040/dcd_rp2040.c.obj
 .time_critical.dcd_rp2040_irq
                0x20000544      0x548 CMakeFiles/ADCS_board.dir/C_/Users/weinkyls/.pico-sdk/sdk/2.2.0/lib/tinyusb/src/portable/raspberrypi/rp2040/dcd_rp2040.c.obj
 .time_critical.prepare_ep_buffer
                0x20000a8c       0xc8 CMakeFiles/ADCS_board.dir/C_/Users/weinkyls/.pico-sdk/sdk/2.2.0/lib/tinyusb/src/portable/raspberrypi/rp2040/rp2040_usb.c.obj
 .time_critical.sync_ep_buffer
                0x20000b54       0x9c CMakeFiles/ADCS_board.dir/C_/Users/weinkyls/.pico-sdk/sdk/2.2.0/lib/tinyusb/src/portable/raspberrypi/rp2040/rp2040_usb.c.obj
 .time_critical._hw_endpoint_xfer_sync
                0x20000bf0       0x28 CMakeFiles/ADCS_board.dir/C_/Users/weinkyls/.pico-sdk/sdk/2.2.0/lib/tinyusb/src/portable/raspberrypi/rp2040/rp2040_usb.c.obj
 .time_critical.e15_is_bulkin_ep
                0x20000c18       0x28 CMakeFiles/ADCS_board.dir/C_/Users/weinkyls/.pico-sdk/sdk/2.2.0/lib/tinyusb/src/portable/raspberrypi/rp2040/rp2040_usb.c.obj
 .time_critical.e15_is_critical_frame_period
                0x20000c40       0x34 CMakeFiles/ADCS_board.dir/C_/Users/weinkyls/.pico-sdk/sdk/2.2.0/lib/tinyusb/src/portable/raspberrypi/rp2040/rp2040_usb.c.obj
 .time_critical.hw_endpoint_reset_transfer
                0x20000c74        0xc CMakeFiles/ADCS_board.dir/C_/Users/weinkyls/.pico-sdk/sdk/2.2.0/lib/tinyusb/src/portable/raspberrypi/rp2040/rp2040_usb.c.obj
                0x20000c74                hw_endpoint_reset_transfer
 .time_critical._hw_endpoint_buffer_control_update32
                0x20000c80       0x50 CMakeFiles/ADCS_board.dir/C_/Users/weinkyls/.pico-sdk/sdk/2.2.0/lib/tinyusb/src/portable/raspberrypi/rp2040/rp2040_usb.c.obj
                0x20000c80                _hw_endpoint_buffer_control_update32
 .time_critical.hw_endpoint_start_next_buffer
                0x20000cd0       0x68 CMakeFiles/ADCS_board.dir/C_/Users/weinkyls/.pico-sdk/sdk/2.2.0/lib/tinyusb/src/portable/raspberrypi/rp2040/rp2040_usb.c.obj
                0x20000cd0                hw_endpoint_start_next_buffer
 .time_critical.hw_endpoint_xfer_continue
                0x20000d38       0x40 CMakeFiles/ADCS_board.dir/C_/Users/weinkyls/.pico-sdk/sdk/2.2.0/lib/tinyusb/src/portable/raspberrypi/rp2040/rp2040_usb.c.obj
                0x20000d38                hw_endpoint_xfer_continue
 .time_critical.tinyusb
                0x20000d78      0x1e4 CMakeFiles/ADCS_board.dir/C_/Users/weinkyls/.pico-sdk/sdk/2.2.0/lib/tinyusb/src/device/usbd.c.obj
                0x20000d78                dcd_event_handler
 .time_critical.i2c_slave_irq_handler
                0x20000f5c       0xa4 CMakeFiles/ADCS_board.dir/C_/Users/weinkyls/.pico-sdk/sdk/2.2.0/src/rp2_common/pico_i2c_slave/i2c_slave.c.obj
 *(.text*)
 .text          0x20001000        0x4 C:/Users/weinkyls/.pico-sdk/toolchain/14_2_Rel1/bin/../lib/gcc/arm-none-eabi/14.2.1/thumb/v6-m/nofp\libgcc.a(_dvmd_tls.o)
                0x20001000                __aeabi_idiv0
                0x20001000                __aeabi_ldiv0
 *fill*         0x20001004        0x4 
 .text.__stub   0x20001008       0x80 linker stubs
                0x20001088                        . = ALIGN (0x4)
 *(.rodata*)
                0x20001088                        . = ALIGN (0x4)
 *(.data*)
 .data.striped_spin_lock_num
                0x20001088        0x1 CMakeFiles/ADCS_board.dir/C_/Users/weinkyls/.pico-sdk/sdk/2.2.0/src/rp2_common/hardware_sync/sync.c.obj
 *fill*         0x20001089        0x3 
 .data          0x2000108c       0x48 CMakeFiles/ADCS_board.dir/C_/Users/weinkyls/.pico-sdk/sdk/2.2.0/src/rp2_common/hardware_irq/irq_handler_chain.S.obj
                0x2000108c                irq_handler_chain_slots
                0x200010bc                irq_handler_chain_first_slot
                0x200010c6                irq_handler_chain_remove_tail
 .data.default_alarm_pool
                0x200010d4       0x18 CMakeFiles/ADCS_board.dir/C_/Users/weinkyls/.pico-sdk/sdk/2.2.0/src/common/pico_time/time.c.obj
 *fill*         0x200010ec        0x4 
 .data.aeabi_bits_funcs
                0x200010f0       0x10 CMakeFiles/ADCS_board.dir/C_/Users/weinkyls/.pico-sdk/sdk/2.2.0/src/rp2_common/pico_bit_ops/bit_ops_aeabi.S.obj
                0x200010f0                aeabi_bits_funcs
                0x20001100                aeabi_bits_funcs_end
 .data.aeabi_mem_funcs
                0x20001100       0x10 CMakeFiles/ADCS_board.dir/C_/Users/weinkyls/.pico-sdk/sdk/2.2.0/src/rp2_common/pico_mem_ops/mem_ops_aeabi.S.obj
                0x20001100                aeabi_mem_funcs
                0x20001110                aeabi_mem_funcs_end
 .data.stdio_usb
                0x20001110       0x18 CMakeFiles/ADCS_board.dir/C_/Users/weinkyls/.pico-sdk/sdk/2.2.0/src/rp2_common/pico_stdio_usb/stdio_usb.c.obj
                0x20001110                stdio_usb
 .data._usbd_qdef
                0x20001128       0x1c CMakeFiles/ADCS_board.dir/C_/Users/weinkyls/.pico-sdk/sdk/2.2.0/lib/tinyusb/src/device/usbd.c.obj
                0x20001128                _usbd_qdef
 .data._usbd_rhport
                0x20001144        0x1 CMakeFiles/ADCS_board.dir/C_/Users/weinkyls/.pico-sdk/sdk/2.2.0/lib/tinyusb/src/device/usbd.c.obj
 *fill*         0x20001145        0x3 
 .data.i2c1_inst
                0x20001148        0x8 CMakeFiles/ADCS_board.dir/C_/Users/weinkyls/.pico-sdk/sdk/2.2.0/src/rp2_common/hardware_i2c/i2c.c.obj
                0x20001148                i2c1_inst
 .data.i2c0_inst
                0x20001150        0x8 CMakeFiles/ADCS_board.dir/C_/Users/weinkyls/.pico-sdk/sdk/2.2.0/src/rp2_common/hardware_i2c/i2c.c.obj
                0x20001150                i2c0_inst
                0x20001158                        . = ALIGN (0x4)
 *(.after_data.*)
                0x20001158                        . = ALIGN (0x4)
                0x20001158                        PROVIDE (__mutex_array_start = .)
 *(SORT_BY_NAME(.mutex_array.*))
 *(.mutex_array)
 .mutex_array   0x20001158        0x8 CMakeFiles/ADCS_board.dir/C_/Users/weinkyls/.pico-sdk/sdk/2.2.0/src/rp2_common/pico_stdio/stdio.c.obj
                0x20001160                        PROVIDE (__mutex_array_end = .)
                0x20001160                        . = ALIGN (0x4)
 *(.jcr)
                0x20001160                        . = ALIGN (0x4)

.tm_clone_table
                0x20001160        0x0 load address 0x100085b0
 .tm_clone_table
                0x20001160        0x0 C:/Users/weinkyls/.pico-sdk/toolchain/14_2_Rel1/bin/../lib/gcc/arm-none-eabi/14.2.1/thumb/v6-m/nofp/crtbegin.o
 .tm_clone_table
                0x20001160        0x0 C:/Users/weinkyls/.pico-sdk/toolchain/14_2_Rel1/bin/../lib/gcc/arm-none-eabi/14.2.1/thumb/v6-m/nofp/crtend.o

.igot.plt       0x20001160        0x0 load address 0x100085b0
 .igot.plt      0x20001160        0x0 C:/Users/weinkyls/.pico-sdk/toolchain/14_2_Rel1/bin/../lib/gcc/arm-none-eabi/14.2.1/thumb/v6-m/nofp/crtbegin.o

.tdata          0x20001160        0x0 load address 0x100085b0
                0x20001160                        . = ALIGN (0x4)
 *(.tdata .tdata.* .gnu.linkonce.td.*)
                0x20001160                        __tdata_end = .
                0x20001160                        PROVIDE (__data_end__ = .)
                0x10007510                        __etext = LOADADDR (.data)

.tbss           0x20001160        0x0 load address 0x100085b0
                0x20001160                        . = ALIGN (0x4)
                0x20001160                        __bss_start__ = .
                0x20001160                        __tls_base = .
 *(.tbss .tbss.* .gnu.linkonce.tb.*)
 *(.tcommon)
                0x20001160                        __tls_end = .

.bss            0x20001160      0xf30 load address 0x100085b0
                0x20001160                        . = ALIGN (0x4)
                0x20001160                        __tbss_end = .
 *(SORT_BY_ALIGNMENT(SORT_BY_NAME(.bss*)))
 .bss.default_alarm_pool_entries
                0x20001160      0x180 CMakeFiles/ADCS_board.dir/C_/Users/weinkyls/.pico-sdk/sdk/2.2.0/src/common/pico_time/time.c.obj
 .bss.last_avail_time.1
                0x200012e0        0x8 CMakeFiles/ADCS_board.dir/C_/Users/weinkyls/.pico-sdk/sdk/2.2.0/src/rp2_common/pico_stdio_usb/stdio_usb.c.obj
 .bss.sd_table  0x200012e8      0x100 CMakeFiles/ADCS_board.dir/C_/Users/weinkyls/.pico-sdk/sdk/2.2.0/src/rp2_common/pico_double/double_init_rom_rp2040.c.obj
                0x200012e8                sd_table
 .bss.sf_table  0x200013e8      0x100 CMakeFiles/ADCS_board.dir/C_/Users/weinkyls/.pico-sdk/sdk/2.2.0/src/rp2_common/pico_float/float_init_rom_rp2040.c.obj
                0x200013e8                sf_table
 .bss._app_driver
                0x200014e8        0x4 CMakeFiles/ADCS_board.dir/C_/Users/weinkyls/.pico-sdk/sdk/2.2.0/lib/tinyusb/src/device/usbd.c.obj
 .bss._cdcd_epbuf
                0x200014ec       0x80 CMakeFiles/ADCS_board.dir/C_/Users/weinkyls/.pico-sdk/sdk/2.2.0/lib/tinyusb/src/class/cdc/cdc_device.c.obj
 .bss._cdcd_fifo_cfg
                0x2000156c        0x1 CMakeFiles/ADCS_board.dir/C_/Users/weinkyls/.pico-sdk/sdk/2.2.0/lib/tinyusb/src/class/cdc/cdc_device.c.obj
 *fill*         0x2000156d        0x3 
 .bss._cdcd_itf
                0x20001570       0xc8 CMakeFiles/ADCS_board.dir/C_/Users/weinkyls/.pico-sdk/sdk/2.2.0/lib/tinyusb/src/class/cdc/cdc_device.c.obj
 .bss._ctrl_epbuf
                0x20001638       0x40 CMakeFiles/ADCS_board.dir/C_/Users/weinkyls/.pico-sdk/sdk/2.2.0/lib/tinyusb/src/device/usbd_control.c.obj
 .bss._ctrl_xfer
                0x20001678       0x14 CMakeFiles/ADCS_board.dir/C_/Users/weinkyls/.pico-sdk/sdk/2.2.0/lib/tinyusb/src/device/usbd_control.c.obj
 .bss._tusb_rhport_role
                0x2000168c        0x2 CMakeFiles/ADCS_board.dir/C_/Users/weinkyls/.pico-sdk/sdk/2.2.0/lib/tinyusb/src/tusb.c.obj
                0x2000168c                _tusb_rhport_role
 *fill*         0x2000168e        0x2 
 .bss._ubsd_mutexdef
                0x20001690        0x8 CMakeFiles/ADCS_board.dir/C_/Users/weinkyls/.pico-sdk/sdk/2.2.0/lib/tinyusb/src/device/usbd.c.obj
 .bss._usbd_dev
                0x20001698       0x54 CMakeFiles/ADCS_board.dir/C_/Users/weinkyls/.pico-sdk/sdk/2.2.0/lib/tinyusb/src/device/usbd.c.obj
 .bss._usbd_mutex
                0x200016ec        0x4 CMakeFiles/ADCS_board.dir/C_/Users/weinkyls/.pico-sdk/sdk/2.2.0/lib/tinyusb/src/device/usbd.c.obj
 .bss._usbd_q   0x200016f0        0x4 CMakeFiles/ADCS_board.dir/C_/Users/weinkyls/.pico-sdk/sdk/2.2.0/lib/tinyusb/src/device/usbd.c.obj
 .bss._usbd_qdef_buf
                0x200016f4       0xc0 CMakeFiles/ADCS_board.dir/C_/Users/weinkyls/.pico-sdk/sdk/2.2.0/lib/tinyusb/src/device/usbd.c.obj
                0x200016f4                _usbd_qdef_buf
 .bss._vendord_epbuf
                0x200017b4       0x80 CMakeFiles/ADCS_board.dir/C_/Users/weinkyls/.pico-sdk/sdk/2.2.0/lib/tinyusb/src/class/vendor/vendor_device.c.obj
 .bss._vendord_itf
                0x20001834      0x24c CMakeFiles/ADCS_board.dir/C_/Users/weinkyls/.pico-sdk/sdk/2.2.0/lib/tinyusb/src/class/vendor/vendor_device.c.obj
 .bss.boot2_copyout
                0x20001a80      0x100 CMakeFiles/ADCS_board.dir/C_/Users/weinkyls/.pico-sdk/sdk/2.2.0/src/rp2_common/hardware_flash/flash.c.obj
 .bss.chars_available_callback
                0x20001b80        0x4 CMakeFiles/ADCS_board.dir/C_/Users/weinkyls/.pico-sdk/sdk/2.2.0/src/rp2_common/pico_stdio_usb/stdio_usb.c.obj
 .bss.chars_available_param
                0x20001b84        0x4 CMakeFiles/ADCS_board.dir/C_/Users/weinkyls/.pico-sdk/sdk/2.2.0/src/rp2_common/pico_stdio_usb/stdio_usb.c.obj
 .bss.claimed   0x20001b88        0x4 CMakeFiles/ADCS_board.dir/C_/Users/weinkyls/.pico-sdk/sdk/2.2.0/src/rp2_common/hardware_sync/sync.c.obj
 .bss.claimed   0x20001b8c        0x1 CMakeFiles/ADCS_board.dir/C_/Users/weinkyls/.pico-sdk/sdk/2.2.0/src/rp2_common/hardware_timer/timer.c.obj
 *fill*         0x20001b8d        0x3 
 .bss.configured_freq
                0x20001b90       0x28 CMakeFiles/ADCS_board.dir/C_/Users/weinkyls/.pico-sdk/sdk/2.2.0/src/rp2_common/hardware_clocks/clocks.c.obj
 .bss.desc_str.0
                0x20001bb8       0x28 CMakeFiles/ADCS_board.dir/C_/Users/weinkyls/.pico-sdk/sdk/2.2.0/src/rp2_common/pico_stdio_usb/stdio_usb_descriptors.c.obj
 .bss.drivers   0x20001be0        0x4 CMakeFiles/ADCS_board.dir/C_/Users/weinkyls/.pico-sdk/sdk/2.2.0/src/rp2_common/pico_stdio/stdio.c.obj
 .bss.e15_last_sof
                0x20001be4        0x4 CMakeFiles/ADCS_board.dir/C_/Users/weinkyls/.pico-sdk/sdk/2.2.0/lib/tinyusb/src/portable/raspberrypi/rp2040/rp2040_usb.c.obj
                0x20001be4                e15_last_sof
 .bss.filter    0x20001be8        0x4 CMakeFiles/ADCS_board.dir/C_/Users/weinkyls/.pico-sdk/sdk/2.2.0/src/rp2_common/pico_stdio/stdio.c.obj
 .bss.hw_endpoints
                0x20001bec      0x400 CMakeFiles/ADCS_board.dir/C_/Users/weinkyls/.pico-sdk/sdk/2.2.0/lib/tinyusb/src/portable/raspberrypi/rp2040/dcd_rp2040.c.obj
 .bss.i2c_slaves
                0x20001fec       0x10 CMakeFiles/ADCS_board.dir/C_/Users/weinkyls/.pico-sdk/sdk/2.2.0/src/rp2_common/pico_i2c_slave/i2c_slave.c.obj
 .bss.idx.0     0x20001ffc        0x4 CMakeFiles/ADCS_board.dir/ADCS_board.c.obj
 .bss.lazy_vsnprintf
                0x20002000        0x4 CMakeFiles/ADCS_board.dir/C_/Users/weinkyls/.pico-sdk/sdk/2.2.0/src/rp2_common/pico_printf/printf.c.obj
 .bss.load_value
                0x20002004        0x4 CMakeFiles/ADCS_board.dir/C_/Users/weinkyls/.pico-sdk/sdk/2.2.0/src/rp2_common/hardware_watchdog/watchdog.c.obj
 .bss.next_buffer_ptr
                0x20002008        0x4 CMakeFiles/ADCS_board.dir/C_/Users/weinkyls/.pico-sdk/sdk/2.2.0/lib/tinyusb/src/portable/raspberrypi/rp2040/dcd_rp2040.c.obj
 .bss.object.0  0x2000200c       0x18 C:/Users/weinkyls/.pico-sdk/toolchain/14_2_Rel1/bin/../lib/gcc/arm-none-eabi/14.2.1/thumb/v6-m/nofp/crtbegin.o
 .bss.one_shot_timer_crit_sec
                0x20002024        0x8 CMakeFiles/ADCS_board.dir/C_/Users/weinkyls/.pico-sdk/sdk/2.2.0/src/rp2_common/pico_stdio_usb/stdio_usb.c.obj
 .bss.pools     0x2000202c       0x10 CMakeFiles/ADCS_board.dir/C_/Users/weinkyls/.pico-sdk/sdk/2.2.0/src/common/pico_time/time.c.obj
 .bss.retrieved_id
                0x2000203c        0x8 CMakeFiles/ADCS_board.dir/C_/Users/weinkyls/.pico-sdk/sdk/2.2.0/src/rp2_common/pico_unique_id/unique_id.c.obj
 .bss.rx_data   0x20002044       0x20 CMakeFiles/ADCS_board.dir/ADCS_board.c.obj
                0x20002044                rx_data
 .bss.sf_clz_func
                0x20002064        0x4 CMakeFiles/ADCS_board.dir/C_/Users/weinkyls/.pico-sdk/sdk/2.2.0/src/rp2_common/pico_double/double_init_rom_rp2040.c.obj
                0x20002064                sf_clz_func
 .bss.sleep_notifier
                0x20002068        0x4 CMakeFiles/ADCS_board.dir/C_/Users/weinkyls/.pico-sdk/sdk/2.2.0/src/common/pico_time/time.c.obj
 .bss.stdio_usb_mutex
                0x2000206c        0x8 CMakeFiles/ADCS_board.dir/C_/Users/weinkyls/.pico-sdk/sdk/2.2.0/src/rp2_common/pico_stdio_usb/stdio_usb.c.obj
 .bss.usbd_serial_str
                0x20002074       0x11 CMakeFiles/ADCS_board.dir/C_/Users/weinkyls/.pico-sdk/sdk/2.2.0/src/rp2_common/pico_stdio_usb/stdio_usb_descriptors.c.obj
 .bss._app_driver_count
                0x20002085        0x1 CMakeFiles/ADCS_board.dir/C_/Users/weinkyls/.pico-sdk/sdk/2.2.0/lib/tinyusb/src/device/usbd.c.obj
 .bss._sof_enable
                0x20002086        0x1 CMakeFiles/ADCS_board.dir/C_/Users/weinkyls/.pico-sdk/sdk/2.2.0/lib/tinyusb/src/portable/raspberrypi/rp2040/dcd_rp2040.c.obj
 .bss._usbd_queued_setup
                0x20002087        0x1 CMakeFiles/ADCS_board.dir/C_/Users/weinkyls/.pico-sdk/sdk/2.2.0/lib/tinyusb/src/device/usbd.c.obj
 .bss.boot2_copyout_valid
                0x20002088        0x1 CMakeFiles/ADCS_board.dir/C_/Users/weinkyls/.pico-sdk/sdk/2.2.0/src/rp2_common/hardware_flash/flash.c.obj
 .bss.irq_handler_chain_free_slot_head
                0x20002089        0x1 CMakeFiles/ADCS_board.dir/C_/Users/weinkyls/.pico-sdk/sdk/2.2.0/src/rp2_common/hardware_irq/irq.c.obj
 .bss.itf_num   0x2000208a        0x1 CMakeFiles/ADCS_board.dir/C_/Users/weinkyls/.pico-sdk/sdk/2.2.0/src/rp2_common/pico_stdio_usb/reset_interface.c.obj
 .bss.low_priority_irq_num
                0x2000208b        0x1 CMakeFiles/ADCS_board.dir/C_/Users/weinkyls/.pico-sdk/sdk/2.2.0/src/rp2_common/pico_stdio_usb/stdio_usb.c.obj
 .bss.one_shot_timer_pending
                0x2000208c        0x1 CMakeFiles/ADCS_board.dir/C_/Users/weinkyls/.pico-sdk/sdk/2.2.0/src/rp2_common/pico_stdio_usb/stdio_usb.c.obj
 .bss.user_irq_claimed
                0x2000208d        0x1 CMakeFiles/ADCS_board.dir/C_/Users/weinkyls/.pico-sdk/sdk/2.2.0/src/rp2_common/hardware_irq/irq.c.obj
 *(COMMON)
                0x20002090                        . = ALIGN (0x4)
 *fill*         0x2000208e        0x2 
                0x20002090                        __bss_end__ = .

.heap           0x20002090      0x800 load address 0x100085b0
                0x20002090                        __end__ = .
                0x20002090                        end = __end__
 *(.heap*)
 .heap          0x20002090      0x800 CMakeFiles/ADCS_board.dir/C_/Users/weinkyls/.pico-sdk/sdk/2.2.0/src/rp2_common/pico_crt0/crt0.S.obj
                0x20040000                        __HeapLimit = (ORIGIN (RAM) + LENGTH (RAM))

.scratch_x      0x20040000        0x0 load address 0x100085b0
                0x20040000                        __scratch_x_start__ = .
 *(.scratch_x.*)
                0x20040000                        . = ALIGN (0x4)
                0x20040000                        __scratch_x_end__ = .
                0x100085b0                        __scratch_x_source__ = LOADADDR (.scratch_x)

.scratch_y      0x20041000        0x0 load address 0x100085b0
                0x20041000                        __scratch_y_start__ = .
 *(.scratch_y.*)
                0x20041000                        . = ALIGN (0x4)
                0x20041000                        __scratch_y_end__ = .
                0x100085b0                        __scratch_y_source__ = LOADADDR (.scratch_y)

.stack1_dummy
 *(.stack1*)

.stack_dummy    0x20041000      0x800
 *(.stack*)
 .stack         0x20041000      0x800 CMakeFiles/ADCS_board.dir/C_/Users/weinkyls/.pico-sdk/sdk/2.2.0/src/rp2_common/pico_crt0/crt0.S.obj

.rel.dyn        0x20041800        0x0
 .rel.iplt      0x20041800        0x0 C:/Users/weinkyls/.pico-sdk/toolchain/14_2_Rel1/bin/../lib/gcc/arm-none-eabi/14.2.1/thumb/v6-m/nofp/crtbegin.o

.flash_end      0x100085b0        0x0
 *(.embedded_end_block*)
                0x100085b0                        PROVIDE (__flash_binary_end = .)
                0x20040000                        __StackLimit = (ORIGIN (RAM) + LENGTH (RAM))
                0x20041000                        __StackOneTop = (ORIGIN (SCRATCH_X) + LENGTH (SCRATCH_X))
                0x20042000                        __StackTop = (ORIGIN (SCRATCH_Y) + LENGTH (SCRATCH_Y))
                0x20041000                        __StackOneBottom = (__StackOneTop - SIZEOF (.stack1_dummy))
                0x20041800                        __StackBottom = (__StackTop - SIZEOF (.stack_dummy))
                0x20042000                        PROVIDE (__stack = __StackTop)
                [!provide]                        PROVIDE (__heap_start = __end__)
                [!provide]                        PROVIDE (__heap_end = __HeapLimit)
                [!provide]                        PROVIDE (__tls_align = MAX (ALIGNOF (.tdata), ALIGNOF (.tbss)))
                [!provide]                        PROVIDE (__tls_size_align = (((__tls_size + __tls_align) - 0x1) & ~ ((__tls_align - 0x1))))
                [!provide]                        PROVIDE (__arm32_tls_tcb_offset = MAX (0x8, __tls_align))
                [!provide]                        PROVIDE (_end = __end__)
                [!provide]                        PROVIDE (__llvm_libc_heap_limit = __HeapLimit)
                0x00000001                        ASSERT ((__StackLimit >= __HeapLimit), region RAM overflowed)
                0x00000001                        ASSERT (((__binary_info_header_end - __logical_binary_start) <= 0x100), Binary info must be in first 256 bytes of the binary)
LOAD CMakeFiles/ADCS_board.dir/ADCS_board.c.obj
LOAD CMakeFiles/ADCS_board.dir/C_/Users/weinkyls/.pico-sdk/sdk/2.2.0/src/rp2_common/pico_stdlib/stdlib.c.obj
LOAD CMakeFiles/ADCS_board.dir/C_/Users/weinkyls/.pico-sdk/sdk/2.2.0/src/rp2_common/hardware_gpio/gpio.c.obj
LOAD CMakeFiles/ADCS_board.dir/C_/Users/weinkyls/.pico-sdk/sdk/2.2.0/src/rp2040/pico_platform/platform.c.obj
LOAD CMakeFiles/ADCS_board.dir/C_/Users/weinkyls/.pico-sdk/sdk/2.2.0/src/rp2_common/pico_platform_common/common.c.obj
LOAD CMakeFiles/ADCS_board.dir/C_/Users/weinkyls/.pico-sdk/sdk/2.2.0/src/rp2_common/pico_platform_panic/panic.c.obj
LOAD CMakeFiles/ADCS_board.dir/C_/Users/weinkyls/.pico-sdk/sdk/2.2.0/src/common/hardware_claim/claim.c.obj
LOAD CMakeFiles/ADCS_board.dir/C_/Users/weinkyls/.pico-sdk/sdk/2.2.0/src/rp2_common/hardware_sync/sync.c.obj
LOAD CMakeFiles/ADCS_board.dir/C_/Users/weinkyls/.pico-sdk/sdk/2.2.0/src/rp2_common/hardware_sync_spin_lock/sync_spin_lock.c.obj
LOAD CMakeFiles/ADCS_board.dir/C_/Users/weinkyls/.pico-sdk/sdk/2.2.0/src/rp2_common/hardware_irq/irq.c.obj